Microchip MPLAB XC8 Compiler V4.00

Linker command line:

-W-3 \
  --edf=C:\Program Files\Microchip\xc8\v4.00\pic\dat\20260614213421_en.msgs \
  -cn -h+dist/default/production\Assignment_05.X.production.sym \
  --cmf=dist/default/production\Assignment_05.X.production.cmf -z -Q16F877A \
  -oC:\Users\kirut\AppData\Local\Temp\xcAsgc4.0\driver_tmp_3.o \
  --defsym=__MPLAB_BUILD=1 --fixupoverflow=error \
  -Mdist/default/production/Assignment_05.X.production.map \
  --md=C:\Users\kirut\AppData\Local\Temp\xcAsgc4.0\driver_tmp_0.dat -E1 \
  -ver=XC8 Compiler -ACODE=00h-07FFhx4 -ASTRCODE=00h-01FFFh \
  -ASTRING=00h-0FFhx32 -ACONST=00h-0FFhx32 -AENTRY=00h-0FFhx32 \
  -ACOMMON=070h-07Fh -ABANK0=020h-06Fh -ABANK1=0A0h-0EFh \
  -ABANK2=0110h-016Fh -ABANK3=0190h-01EFh \
  -ARAM=020h-06Fh,0A0h-0EFh,0110h-016Fh,0190h-01EFh \
  -AABS1=020h-07Fh,0A0h-0EFh,0110h-016Fh,0190h-01EFh -ASFR0=00h-01Fh \
  -ASFR1=080h-09Fh -ASFR2=0100h-010Fh -ASFR3=0180h-018Fh \
  -ACONFIG=02007h-02007h -DCONFIG=2 -AIDLOC=02000h-02003h -DIDLOC=2 \
  -AEEDATA=00h-0FFh/02100h -peeprom_data=EEDATA -DEEDATA=2 -DCODE=2 \
  -DSTRCODE=2 -DSTRING=2 -DCONST=2 -DENTRY=2 \
  -preset_vec=00h,intentry=04h,sivt,init,end_init -ppowerup=CODE \
  -pcinit=CODE -pfunctab=ENTRY -k \
  C:\Users\kirut\AppData\Local\Temp\xcAsgc4.0\driver_tmp_10.o \
  dist/default/production\Assignment_05.X.production.o 

Object code version is 3.11

Machine type is 16F877A



                Name                               Link     Load   Length Selector   Space Scale
C:\Users\kirut\AppData\Local\Temp\xcAsgc4.0\driver_tmp_10.o
                end_init                              C        C        3        8       0
                reset_vec                             0        0        3        0       0
                config                             2007     2007        1        0       4
dist/default/production\Assignment_05.X.production.o
                cinit                                 F        F       27        8       0
                intentry                              4        4        8        8       0
                config                             2007     2007        1        0       4
                text6                                EF       EF       23        8       0
                text5                                36       36       6A        8       0
                text4                               12E      12E        6        8       0
                text3                               124      124        A        8       0
                text2                               112      112       12        8       0
                text1                                A0       A0       2A        8       0
                maintext                             CA       CA       25        8       0
                cstackBANK0                          22       22        1       20       1
                cstackCOMMON                         75       75        4       70       1
                bssBANK0                             20       20        2       20       1
                dataCOMMON                           70       70        5       70       1
                bssCOMMON                            79       79        3       70       1
                idataCOMMON                         134      134        5        8       0

TOTAL           Name                               Link     Load   Length     Space
        CLASS   CODE           
                end_init                              C        C        3         0
                cinit                                 F        F       27         0
                intentry                              4        4        8         0
                reset_vec                             0        0        3         0
                text6                                EF       EF       23         0
                text5                                36       36       6A         0
                text4                               12E      12E        6         0
                text3                               124      124        A         0
                text2                               112      112       12         0
                text1                                A0       A0       2A         0
                maintext                             CA       CA       25         0
                idataCOMMON                         134      134        5         0

        CLASS   STRCODE        

        CLASS   STRING         

        CLASS   CONST          

        CLASS   ENTRY          

        CLASS   COMMON         
                cstackCOMMON                         75       75        4         1
                dataCOMMON                           70       70        5         1
                bssCOMMON                            79       79        3         1

        CLASS   BANK0          
                cstackBANK0                          22       22        1         1
                bssBANK0                             20       20        2         1

        CLASS   BANK1          

        CLASS   BANK2          

        CLASS   BANK3          

        CLASS   RAM            

        CLASS   ABS1           
                abs_s1                               7E       7E        2         1

        CLASS   SFR0           

        CLASS   SFR1           

        CLASS   SFR2           

        CLASS   SFR3           

        CLASS   CONFIG         
                config                             2007     2007        1         4

        CLASS   IDLOC          

        CLASS   EEDATA         

        CLASS   HEAP           

        CLASS   STACK          



SEGMENTS        Name                           Load    Length   Top    Selector   Space  Class     Delta

                reset_vec                      000000  000003  000003         0       0  CODE        2
                intentry                       000004  000135  000139         8       0  CODE        2
                bssBANK0                       000020  000003  000023        20       1  BANK0       1
                dataCOMMON                     000070  00000C  00007C        70       1  COMMON      1


UNUSED ADDRESS RANGES

        Name                Unused          Largest block    Delta
        BANK0            0023-006F             4D           1
        BANK1            00A0-00EF             50           1
        BANK2            0110-016F             60           1
        BANK3            0190-01EF             60           1
        CODE             0003-0003              1           2
                         0139-1FFF            800
        COMMON           007C-007D              2           1
        CONST            0003-0003              1           2
                         0139-1FFF            100
        EEDATA           2100-21FF            100           2
        ENTRY            0003-0003              1           2
                         0139-1FFF            100
        IDLOC            2000-2003              4           2
        RAM              0023-006F             4D           1
                         00A0-00EF             50
                         0110-016F             60
                         0190-01EF             60
        SFR0             0000-001F             20           1
        SFR1             0080-009F             20           1
        SFR2             0100-010F             10           1
        SFR3             0180-018F             10           1
        STRCODE          0003-0003              1           2
                         0139-1FFF           1EC7
        STRING           0003-0003              1           2
                         0139-1FFF            100

                                  Symbol Table

_GIE                         (abs)        005F
_PORTB                       (abs)        0006
_PORTD                       (abs)        0008
_PSA                         (abs)        040B
_RD7                         (abs)        0047
_T0CS                        (abs)        040D
_TMR0                        (abs)        0001
_TMR0IE                      (abs)        005D
_TMR0IF                      (abs)        005A
_TRISB                       (abs)        0086
_TRISD                       (abs)        0088
__H__absolute__              __absolute__ 0000
__Habs1                      abs1         0000
__Hbank0                     bank0        0000
__Hbank1                     bank1        0000
__Hbank2                     bank2        0000
__Hbank3                     bank3        0000
__HbssBANK0                  bssBANK0     0000
__HbssCOMMON                 bssCOMMON    0000
__Hcinit                     cinit        0036
__Hclrtext                   clrtext      0000
__Hcode                      code         0000
__Hcommon                    common       0000
__Hconfig                    config       2008
__HcstackBANK0               cstackBANK0  0000
__HcstackCOMMON              cstackCOMMON 0000
__HdataCOMMON                dataCOMMON   0000
__Heeprom_data               eeprom_data  0000
__Hend_init                  end_init     000F
__Hfunctab                   functab      0000
__Hheap                      heap         0000
__HidataCOMMON               idataCOMMON  0000
__Hinit                      init         000C
__Hintentry                  intentry     000C
__Hmaintext                  maintext     0000
__Hpowerup                   powerup      0000
__Hram                       ram          0000
__Hreset_vec                 reset_vec    0003
__Hsfr0                      sfr0         0000
__Hsfr1                      sfr1         0000
__Hsfr2                      sfr2         0000
__Hsfr3                      sfr3         0000
__Hsivt                      sivt         000C
__Hspace_0                   (abs)        0139
__Hspace_1                   (abs)        007C
__Hspace_2                   (abs)        0000
__Hspace_3                   (abs)        0000
__Hspace_4                   (abs)        400F
__Hstack                     stack        0000
__Hstrings                   strings      0000
__Htext                      text         0000
__L__absolute__              __absolute__ 0000
__Labs1                      abs1         0000
__Lbank0                     bank0        0000
__Lbank1                     bank1        0000
__Lbank2                     bank2        0000
__Lbank3                     bank3        0000
__LbssBANK0                  bssBANK0     0000
__LbssCOMMON                 bssCOMMON    0000
__Lcinit                     cinit        000F
__Lclrtext                   clrtext      0000
__Lcode                      code         0000
__Lcommon                    common       0000
__Lconfig                    config       0000
__LcstackBANK0               cstackBANK0  0000
__LcstackCOMMON              cstackCOMMON 0000
__LdataCOMMON                dataCOMMON   0000
__Leeprom_data               eeprom_data  0000
__Lend_init                  end_init     000C
__Lfunctab                   functab      0000
__Lheap                      heap         0000
__LidataCOMMON               idataCOMMON  0000
__Linit                      init         000C
__Lintentry                  intentry     0004
__Lmaintext                  maintext     0000
__Lpowerup                   powerup      0000
__Lram                       ram          0000
__Lreset_vec                 reset_vec    0000
__Lsfr0                      sfr0         0000
__Lsfr1                      sfr1         0000
__Lsfr2                      sfr2         0000
__Lsfr3                      sfr3         0000
__Lsivt                      sivt         000C
__Lspace_0                   (abs)        0000
__Lspace_1                   (abs)        0000
__Lspace_2                   (abs)        0000
__Lspace_3                   (abs)        0000
__Lspace_4                   (abs)        0000
__Lstack                     stack        0000
__Lstrings                   strings      0000
__Ltext                      text         0000
__S0                         (abs)        0139
__S1                         (abs)        007C
__S3                         (abs)        0000
___heap_hi                   (abs)        0000
___heap_lo                   (abs)        0000
___int_sp                    stack        0000
___int_stack_hi              stack        0000
___int_stack_lo              stack        0000
___latbits                   (abs)        0002
___sp                        stack        0000
___stack_hi                  stack        0000
___stack_lo                  stack        0000
___stackhi                   (abs)        0000
___stacklo                   (abs)        0000
__end_of__initialization     cinit        0032
__end_of_init_config         text2        0124
__end_of_init_digital_keypad text4        0134
__end_of_init_timer0         text3        012E
__end_of_isr                 text5        00A0
__end_of_main                maintext     00EF
__end_of_read_digital_keypad text1        00CA
__end_of_software_pwm        text6        0112
__initialization             cinit        000F
__pbssBANK0                  bssBANK0     0020
__pbssCOMMON                 bssCOMMON    0079
__pcstackBANK0               cstackBANK0  0022
__pcstackCOMMON              cstackCOMMON 0075
__pdataCOMMON                dataCOMMON   0070
__pidataCOMMON               idataCOMMON  0134
__pintentry                  intentry     0004
__pmaintext                  maintext     00CA
__ptext1                     text1        00A0
__ptext2                     text2        0112
__ptext3                     text3        0124
__ptext4                     text4        012E
__ptext5                     text5        0036
__ptext6                     text6        00EF
_brightness_direction        bssCOMMON    007B
_duty_cycle                  dataCOMMON   0072
_init_config                 text2        0112
_init_digital_keypad         text4        012E
_init_timer0                 text3        0124
_isr                         text5        0036
_loop_counter                bssCOMMON    0079
_main                        maintext     00CA
_read_digital_keypad         text1        00A0
_req_time                    dataCOMMON   0070
_software_pwm                text6        00EF
btemp                        (abs)        007E
btemp0                       (abs)        007E
btemp1                       (abs)        007F
end_of_initialization        cinit        0032
interrupt_function           intentry     0004
intlevel0                    functab      0000
intlevel1                    functab      0000
intlevel2                    functab      0000
intlevel3                    functab      0000
intlevel4                    functab      0000
intlevel5                    functab      0000
isr@count                    bssBANK0     0020
ltemp0a                      (abs)        0080
main@key                     cstackBANK0  0022
read_digital_keypad@mode     cstackCOMMON 0078
read_digital_keypad@once     dataCOMMON   0074
reset_vec                    reset_vec    0000
saved_w                      (abs)        007E
start                        init         000C
start_initialization         cinit        000F
ttemp0a                      (abs)        007F
wtemp0                       (abs)        007E
wtemp0a                      (abs)        007F


MODULE INFORMATION

Module		Function		Class		Link	Load	Size
timers.c
		_init_timer0   		CODE           	0124	0000	10

timers.c estimated size: 10

digital_keypad.c
		_init_digital_keypad		CODE           	012E	0000	6
		_read_digital_keypad		CODE           	00A0	0000	42

digital_keypad.c estimated size: 48

isr.c
		_isr           		CODE           	0036	0000	106

isr.c estimated size: 106

shared
		__initialization		CODE           	000F	0000	35

shared estimated size: 35

main.c
		_main          		CODE           	00CA	0000	37
		_software_pwm  		CODE           	00EF	0000	35
		_init_config   		CODE           	0112	0000	18

main.c estimated size: 90

