

Microchip MPLAB XC8 Assembler V4.00 build 20260614213421 
                                                                                               Sun Aug 23 15:39:41 2026

Microchip MPLAB XC8 C Compiler v4.00 build 20260614213421 Og1 
     1                           	processor	16F877A
     2                           	pagewidth 120
     3                           	psect	idataCOMMON,global,class=CODE,space=0,delta=2,noexec
     4                           	psect	cinit,global,class=CODE,space=0,merge=1,delta=2
     5                           	psect	bssCOMMON,global,class=COMMON,space=1,delta=1,noexec
     6                           	psect	dataCOMMON,global,class=COMMON,space=1,delta=1,noexec
     7                           	psect	bssBANK0,global,class=BANK0,space=1,delta=1,noexec
     8                           	psect	cstackCOMMON,global,class=COMMON,space=1,delta=1,noexec
     9                           	psect	cstackBANK0,global,class=BANK0,space=1,delta=1,noexec
    10                           	psect	maintext,global,class=CODE,space=0,split=1,delta=2
    11                           	psect	text1,local,class=CODE,space=0,merge=1,delta=2
    12                           	psect	text2,local,class=CODE,space=0,merge=1,delta=2
    13                           	psect	text3,local,class=CODE,space=0,merge=1,delta=2
    14                           	psect	text4,local,class=CODE,space=0,merge=1,delta=2
    15                           	psect	text5,local,class=CODE,space=0,merge=1,delta=2
    16                           	psect	intentry,global,class=CODE,space=0,delta=2
    17                           	psect	text6,local,class=CODE,space=0,merge=1,delta=2
    18                           	psect	config,global,abs,ovrld,class=CONFIG,space=4,delta=2,noexec
    19                           	dabs	1,0x7E,2
    20     0000                     
    21                           ; Version 2.20
    22                           ; Generated 12/02/2020 GMT
    23                           ; 
    24                           ; Copyright © 2020, Microchip Technology Inc. and its subsidiaries ("Microchip")
    25                           ; All rights reserved.
    26                           ; 
    27                           ; This software is developed by Microchip Technology Inc. and its subsidiaries ("Microch
      +                          ip").
    28                           ; 
    29                           ; Redistribution and use in source and binary forms, with or without modification, are
    30                           ; permitted provided that the following conditions are met:
    31                           ; 
    32                           ;     1. Redistributions of source code must retain the above copyright notice, this lis
      +                          t of
    33                           ;        conditions and the following disclaimer.
    34                           ; 
    35                           ;     2. Redistributions in binary form must reproduce the above copyright notice, this 
      +                          list
    36                           ;        of conditions and the following disclaimer in the documentation and/or other
    37                           ;        materials provided with the distribution.
    38                           ; 
    39                           ;     3. Microchip's name may not be used to endorse or promote products derived from th
      +                          is
    40                           ;        software without specific prior written permission.
    41                           ; 
    42                           ; THIS SOFTWARE IS PROVIDED BY MICROCHIP "AS IS" AND ANY EXPRESS OR IMPLIED WARRANTIES,
    43                           ; INCLUDING, BUT NOT LIMITED TO, THE IMPLIED WARRANTIES OF MERCHANTABILITY AND FITNESS F
      +                          OR
    44                           ; PURPOSE ARE DISCLAIMED.  IN NO EVENT SHALL MICROCHIP BE LIABLE FOR ANY DIRECT, INDIREC
      +                          T,
    45                           ; INCIDENTAL, SPECIAL, EXEMPLARY, OR CONSEQUENTIAL DAMAGES (INCLUDING BUT NOT LIMITED TO
    46                           ; PROCUREMENT OF SUBSTITUTE GOODS OR SERVICES; LOSS OF USE, DATA OR PROFITS; OR BUSINESS
    47                           ; INTERRUPTION) HOWSOEVER CAUSED AND ON ANY THEORY OF LIABILITY, WHETHER IN CONTRACT, ST
      +                          RICT
    48                           ; LIABILITY, OR TORT (INCLUDING NEGLIGENCE OR OTHERWISE) ARISING IN ANY WAY OUT OF THE U
      +                          SE OF
    49                           ; THIS SOFTWARE, EVEN IF ADVISED OF THE POSSIBILITY OF SUCH DAMAGE.
    50                           ; 
    51                           ; 
    52                           ; Code-generator required, PIC16F877A Definitions
    53                           ; 
    54                           ; SFR Addresses
    55     0004                     fsr             equ	4
    56     0004                     fsr0            equ	4
    57     0000                     indf            equ	0
    58     0000                     indf0           equ	0
    59     0002                     pc              equ	2
    60     0002                     pcl             equ	2
    61     000A                     pclath          equ	10
    62     0003                     status          equ	3
    63     0000                     INDF            equ	0	;# 
    64     0001                     TMR0            equ	1	;# 
    65     0002                     PCL             equ	2	;# 
    66     0003                     STATUS          equ	3	;# 
    67     0004                     FSR             equ	4	;# 
    68     0005                     PORTA           equ	5	;# 
    69     0006                     PORTB           equ	6	;# 
    70     0007                     PORTC           equ	7	;# 
    71     0008                     PORTD           equ	8	;# 
    72     0009                     PORTE           equ	9	;# 
    73     000A                     PCLATH          equ	10	;# 
    74     000B                     INTCON          equ	11	;# 
    75     000C                     PIR1            equ	12	;# 
    76     000D                     PIR2            equ	13	;# 
    77     000E                     TMR1            equ	14	;# 
    78     000E                     TMR1L           equ	14	;# 
    79     000F                     TMR1H           equ	15	;# 
    80     0010                     T1CON           equ	16	;# 
    81     0011                     TMR2            equ	17	;# 
    82     0012                     T2CON           equ	18	;# 
    83     0013                     SSPBUF          equ	19	;# 
    84     0014                     SSPCON          equ	20	;# 
    85     0015                     CCPR1           equ	21	;# 
    86     0015                     CCPR1L          equ	21	;# 
    87     0016                     CCPR1H          equ	22	;# 
    88     0017                     CCP1CON         equ	23	;# 
    89     0018                     RCSTA           equ	24	;# 
    90     0019                     TXREG           equ	25	;# 
    91     001A                     RCREG           equ	26	;# 
    92     001B                     CCPR2           equ	27	;# 
    93     001B                     CCPR2L          equ	27	;# 
    94     001C                     CCPR2H          equ	28	;# 
    95     001D                     CCP2CON         equ	29	;# 
    96     001E                     ADRESH          equ	30	;# 
    97     001F                     ADCON0          equ	31	;# 
    98     0081                     OPTION_REG      equ	129	;# 
    99     0085                     TRISA           equ	133	;# 
   100     0086                     TRISB           equ	134	;# 
   101     0087                     TRISC           equ	135	;# 
   102     0088                     TRISD           equ	136	;# 
   103     0089                     TRISE           equ	137	;# 
   104     008C                     PIE1            equ	140	;# 
   105     008D                     PIE2            equ	141	;# 
   106     008E                     PCON            equ	142	;# 
   107     0091                     SSPCON2         equ	145	;# 
   108     0092                     PR2             equ	146	;# 
   109     0093                     SSPADD          equ	147	;# 
   110     0094                     SSPSTAT         equ	148	;# 
   111     0098                     TXSTA           equ	152	;# 
   112     0099                     SPBRG           equ	153	;# 
   113     009C                     CMCON           equ	156	;# 
   114     009D                     CVRCON          equ	157	;# 
   115     009E                     ADRESL          equ	158	;# 
   116     009F                     ADCON1          equ	159	;# 
   117     010C                     EEDATA          equ	268	;# 
   118     010D                     EEADR           equ	269	;# 
   119     010E                     EEDATH          equ	270	;# 
   120     010F                     EEADRH          equ	271	;# 
   121     018C                     EECON1          equ	396	;# 
   122     018D                     EECON2          equ	397	;# 
   123     0000                     INDF            equ	0	;# 
   124     0001                     TMR0            equ	1	;# 
   125     0002                     PCL             equ	2	;# 
   126     0003                     STATUS          equ	3	;# 
   127     0004                     FSR             equ	4	;# 
   128     0005                     PORTA           equ	5	;# 
   129     0006                     PORTB           equ	6	;# 
   130     0007                     PORTC           equ	7	;# 
   131     0008                     PORTD           equ	8	;# 
   132     0009                     PORTE           equ	9	;# 
   133     000A                     PCLATH          equ	10	;# 
   134     000B                     INTCON          equ	11	;# 
   135     000C                     PIR1            equ	12	;# 
   136     000D                     PIR2            equ	13	;# 
   137     000E                     TMR1            equ	14	;# 
   138     000E                     TMR1L           equ	14	;# 
   139     000F                     TMR1H           equ	15	;# 
   140     0010                     T1CON           equ	16	;# 
   141     0011                     TMR2            equ	17	;# 
   142     0012                     T2CON           equ	18	;# 
   143     0013                     SSPBUF          equ	19	;# 
   144     0014                     SSPCON          equ	20	;# 
   145     0015                     CCPR1           equ	21	;# 
   146     0015                     CCPR1L          equ	21	;# 
   147     0016                     CCPR1H          equ	22	;# 
   148     0017                     CCP1CON         equ	23	;# 
   149     0018                     RCSTA           equ	24	;# 
   150     0019                     TXREG           equ	25	;# 
   151     001A                     RCREG           equ	26	;# 
   152     001B                     CCPR2           equ	27	;# 
   153     001B                     CCPR2L          equ	27	;# 
   154     001C                     CCPR2H          equ	28	;# 
   155     001D                     CCP2CON         equ	29	;# 
   156     001E                     ADRESH          equ	30	;# 
   157     001F                     ADCON0          equ	31	;# 
   158     0081                     OPTION_REG      equ	129	;# 
   159     0085                     TRISA           equ	133	;# 
   160     0086                     TRISB           equ	134	;# 
   161     0087                     TRISC           equ	135	;# 
   162     0088                     TRISD           equ	136	;# 
   163     0089                     TRISE           equ	137	;# 
   164     008C                     PIE1            equ	140	;# 
   165     008D                     PIE2            equ	141	;# 
   166     008E                     PCON            equ	142	;# 
   167     0091                     SSPCON2         equ	145	;# 
   168     0092                     PR2             equ	146	;# 
   169     0093                     SSPADD          equ	147	;# 
   170     0094                     SSPSTAT         equ	148	;# 
   171     0098                     TXSTA           equ	152	;# 
   172     0099                     SPBRG           equ	153	;# 
   173     009C                     CMCON           equ	156	;# 
   174     009D                     CVRCON          equ	157	;# 
   175     009E                     ADRESL          equ	158	;# 
   176     009F                     ADCON1          equ	159	;# 
   177     010C                     EEDATA          equ	268	;# 
   178     010D                     EEADR           equ	269	;# 
   179     010E                     EEDATH          equ	270	;# 
   180     010F                     EEADRH          equ	271	;# 
   181     018C                     EECON1          equ	396	;# 
   182     018D                     EECON2          equ	397	;# 
   183     0000                     INDF            equ	0	;# 
   184     0001                     TMR0            equ	1	;# 
   185     0002                     PCL             equ	2	;# 
   186     0003                     STATUS          equ	3	;# 
   187     0004                     FSR             equ	4	;# 
   188     0005                     PORTA           equ	5	;# 
   189     0006                     PORTB           equ	6	;# 
   190     0007                     PORTC           equ	7	;# 
   191     0008                     PORTD           equ	8	;# 
   192     0009                     PORTE           equ	9	;# 
   193     000A                     PCLATH          equ	10	;# 
   194     000B                     INTCON          equ	11	;# 
   195     000C                     PIR1            equ	12	;# 
   196     000D                     PIR2            equ	13	;# 
   197     000E                     TMR1            equ	14	;# 
   198     000E                     TMR1L           equ	14	;# 
   199     000F                     TMR1H           equ	15	;# 
   200     0010                     T1CON           equ	16	;# 
   201     0011                     TMR2            equ	17	;# 
   202     0012                     T2CON           equ	18	;# 
   203     0013                     SSPBUF          equ	19	;# 
   204     0014                     SSPCON          equ	20	;# 
   205     0015                     CCPR1           equ	21	;# 
   206     0015                     CCPR1L          equ	21	;# 
   207     0016                     CCPR1H          equ	22	;# 
   208     0017                     CCP1CON         equ	23	;# 
   209     0018                     RCSTA           equ	24	;# 
   210     0019                     TXREG           equ	25	;# 
   211     001A                     RCREG           equ	26	;# 
   212     001B                     CCPR2           equ	27	;# 
   213     001B                     CCPR2L          equ	27	;# 
   214     001C                     CCPR2H          equ	28	;# 
   215     001D                     CCP2CON         equ	29	;# 
   216     001E                     ADRESH          equ	30	;# 
   217     001F                     ADCON0          equ	31	;# 
   218     0081                     OPTION_REG      equ	129	;# 
   219     0085                     TRISA           equ	133	;# 
   220     0086                     TRISB           equ	134	;# 
   221     0087                     TRISC           equ	135	;# 
   222     0088                     TRISD           equ	136	;# 
   223     0089                     TRISE           equ	137	;# 
   224     008C                     PIE1            equ	140	;# 
   225     008D                     PIE2            equ	141	;# 
   226     008E                     PCON            equ	142	;# 
   227     0091                     SSPCON2         equ	145	;# 
   228     0092                     PR2             equ	146	;# 
   229     0093                     SSPADD          equ	147	;# 
   230     0094                     SSPSTAT         equ	148	;# 
   231     0098                     TXSTA           equ	152	;# 
   232     0099                     SPBRG           equ	153	;# 
   233     009C                     CMCON           equ	156	;# 
   234     009D                     CVRCON          equ	157	;# 
   235     009E                     ADRESL          equ	158	;# 
   236     009F                     ADCON1          equ	159	;# 
   237     010C                     EEDATA          equ	268	;# 
   238     010D                     EEADR           equ	269	;# 
   239     010E                     EEDATH          equ	270	;# 
   240     010F                     EEADRH          equ	271	;# 
   241     018C                     EECON1          equ	396	;# 
   242     018D                     EECON2          equ	397	;# 
   243     0000                     INDF            equ	0	;# 
   244     0001                     TMR0            equ	1	;# 
   245     0002                     PCL             equ	2	;# 
   246     0003                     STATUS          equ	3	;# 
   247     0004                     FSR             equ	4	;# 
   248     0005                     PORTA           equ	5	;# 
   249     0006                     PORTB           equ	6	;# 
   250     0007                     PORTC           equ	7	;# 
   251     0008                     PORTD           equ	8	;# 
   252     0009                     PORTE           equ	9	;# 
   253     000A                     PCLATH          equ	10	;# 
   254     000B                     INTCON          equ	11	;# 
   255     000C                     PIR1            equ	12	;# 
   256     000D                     PIR2            equ	13	;# 
   257     000E                     TMR1            equ	14	;# 
   258     000E                     TMR1L           equ	14	;# 
   259     000F                     TMR1H           equ	15	;# 
   260     0010                     T1CON           equ	16	;# 
   261     0011                     TMR2            equ	17	;# 
   262     0012                     T2CON           equ	18	;# 
   263     0013                     SSPBUF          equ	19	;# 
   264     0014                     SSPCON          equ	20	;# 
   265     0015                     CCPR1           equ	21	;# 
   266     0015                     CCPR1L          equ	21	;# 
   267     0016                     CCPR1H          equ	22	;# 
   268     0017                     CCP1CON         equ	23	;# 
   269     0018                     RCSTA           equ	24	;# 
   270     0019                     TXREG           equ	25	;# 
   271     001A                     RCREG           equ	26	;# 
   272     001B                     CCPR2           equ	27	;# 
   273     001B                     CCPR2L          equ	27	;# 
   274     001C                     CCPR2H          equ	28	;# 
   275     001D                     CCP2CON         equ	29	;# 
   276     001E                     ADRESH          equ	30	;# 
   277     001F                     ADCON0          equ	31	;# 
   278     0081                     OPTION_REG      equ	129	;# 
   279     0085                     TRISA           equ	133	;# 
   280     0086                     TRISB           equ	134	;# 
   281     0087                     TRISC           equ	135	;# 
   282     0088                     TRISD           equ	136	;# 
   283     0089                     TRISE           equ	137	;# 
   284     008C                     PIE1            equ	140	;# 
   285     008D                     PIE2            equ	141	;# 
   286     008E                     PCON            equ	142	;# 
   287     0091                     SSPCON2         equ	145	;# 
   288     0092                     PR2             equ	146	;# 
   289     0093                     SSPADD          equ	147	;# 
   290     0094                     SSPSTAT         equ	148	;# 
   291     0098                     TXSTA           equ	152	;# 
   292     0099                     SPBRG           equ	153	;# 
   293     009C                     CMCON           equ	156	;# 
   294     009D                     CVRCON          equ	157	;# 
   295     009E                     ADRESL          equ	158	;# 
   296     009F                     ADCON1          equ	159	;# 
   297     010C                     EEDATA          equ	268	;# 
   298     010D                     EEADR           equ	269	;# 
   299     010E                     EEDATH          equ	270	;# 
   300     010F                     EEADRH          equ	271	;# 
   301     018C                     EECON1          equ	396	;# 
   302     018D                     EECON2          equ	397	;# 
   303     0000                     INDF            equ	0	;# 
   304     0001                     TMR0            equ	1	;# 
   305     0002                     PCL             equ	2	;# 
   306     0003                     STATUS          equ	3	;# 
   307     0004                     FSR             equ	4	;# 
   308     0005                     PORTA           equ	5	;# 
   309     0006                     PORTB           equ	6	;# 
   310     0007                     PORTC           equ	7	;# 
   311     0008                     PORTD           equ	8	;# 
   312     0009                     PORTE           equ	9	;# 
   313     000A                     PCLATH          equ	10	;# 
   314     000B                     INTCON          equ	11	;# 
   315     000C                     PIR1            equ	12	;# 
   316     000D                     PIR2            equ	13	;# 
   317     000E                     TMR1            equ	14	;# 
   318     000E                     TMR1L           equ	14	;# 
   319     000F                     TMR1H           equ	15	;# 
   320     0010                     T1CON           equ	16	;# 
   321     0011                     TMR2            equ	17	;# 
   322     0012                     T2CON           equ	18	;# 
   323     0013                     SSPBUF          equ	19	;# 
   324     0014                     SSPCON          equ	20	;# 
   325     0015                     CCPR1           equ	21	;# 
   326     0015                     CCPR1L          equ	21	;# 
   327     0016                     CCPR1H          equ	22	;# 
   328     0017                     CCP1CON         equ	23	;# 
   329     0018                     RCSTA           equ	24	;# 
   330     0019                     TXREG           equ	25	;# 
   331     001A                     RCREG           equ	26	;# 
   332     001B                     CCPR2           equ	27	;# 
   333     001B                     CCPR2L          equ	27	;# 
   334     001C                     CCPR2H          equ	28	;# 
   335     001D                     CCP2CON         equ	29	;# 
   336     001E                     ADRESH          equ	30	;# 
   337     001F                     ADCON0          equ	31	;# 
   338     0081                     OPTION_REG      equ	129	;# 
   339     0085                     TRISA           equ	133	;# 
   340     0086                     TRISB           equ	134	;# 
   341     0087                     TRISC           equ	135	;# 
   342     0088                     TRISD           equ	136	;# 
   343     0089                     TRISE           equ	137	;# 
   344     008C                     PIE1            equ	140	;# 
   345     008D                     PIE2            equ	141	;# 
   346     008E                     PCON            equ	142	;# 
   347     0091                     SSPCON2         equ	145	;# 
   348     0092                     PR2             equ	146	;# 
   349     0093                     SSPADD          equ	147	;# 
   350     0094                     SSPSTAT         equ	148	;# 
   351     0098                     TXSTA           equ	152	;# 
   352     0099                     SPBRG           equ	153	;# 
   353     009C                     CMCON           equ	156	;# 
   354     009D                     CVRCON          equ	157	;# 
   355     009E                     ADRESL          equ	158	;# 
   356     009F                     ADCON1          equ	159	;# 
   357     010C                     EEDATA          equ	268	;# 
   358     010D                     EEADR           equ	269	;# 
   359     010E                     EEDATH          equ	270	;# 
   360     010F                     EEADRH          equ	271	;# 
   361     018C                     EECON1          equ	396	;# 
   362     018D                     EECON2          equ	397	;# 
   363                           
   364                           	psect	idataCOMMON
   365     0134                     __pidataCOMMON:
   366                           
   367                           ;initializer for _req_time
   368     0134  3410               	retlw	16
   369     0135  3427               	retlw	39
   370                           
   371                           ;initializer for _duty_cycle
   372     0136  3432               	retlw	50
   373     0137  3400               	retlw	0
   374                           
   375                           ;initializer for read_digital_keypad@once
   376     0138  3401               	retlw	1
   377     0006                     _PORTB          set	6
   378     0008                     _PORTD          set	8
   379     0001                     _TMR0           set	1
   380     005A                     _TMR0IF         set	90
   381     005F                     _GIE            set	95
   382     0047                     _RD7            set	71
   383     005D                     _TMR0IE         set	93
   384     0086                     _TRISB          set	134
   385     0088                     _TRISD          set	136
   386     040B                     _PSA            set	1035
   387     040D                     _T0CS           set	1037
   388                           
   389                           	psect	cinit
   390     000F                     start_initialization:	
   391                           ; #config settings
   392                           
   393     000F                     __initialization:
   394                           
   395                           ; Initialize objects allocated to COMMON
   396     000F  120A  118A  2134  120A  118A  	fcall	__pidataCOMMON	;fetch initializer
   397     0014  00F0               	movwf	__pdataCOMMON& (0+127)
   398     0015  120A  118A  2135  120A  118A  	fcall	__pidataCOMMON+1	;fetch initializer
   399     001A  00F1               	movwf	(__pdataCOMMON+1)& (0+127)
   400     001B  120A  118A  2136  120A  118A  	fcall	__pidataCOMMON+2	;fetch initializer
   401     0020  00F2               	movwf	(__pdataCOMMON+2)& (0+127)
   402     0021  120A  118A  2137  120A  118A  	fcall	__pidataCOMMON+3	;fetch initializer
   403     0026  00F3               	movwf	(__pdataCOMMON+3)& (0+127)
   404     0027  120A  118A  2138  120A  118A  	fcall	__pidataCOMMON+4	;fetch initializer
   405     002C  00F4               	movwf	(__pdataCOMMON+4)& (0+127)
   406                           
   407                           ; Clear objects allocated to BANK0
   408     002D  01A0               	clrf	__pbssBANK0& (0+127)
   409     002E  01A1               	clrf	(__pbssBANK0+1)& (0+127)
   410                           
   411                           ; Clear objects allocated to COMMON
   412     002F  01F9               	clrf	__pbssCOMMON& (0+127)
   413     0030  01FA               	clrf	(__pbssCOMMON+1)& (0+127)
   414     0031  01FB               	clrf	(__pbssCOMMON+2)& (0+127)
   415     0032                     end_of_initialization:	
   416                           ;End of C runtime variable initialization code
   417                           
   418     0032                     __end_of__initialization:
   419     0032  0183               	clrf	3
   420     0033  120A  118A  28CA   	ljmp	_main	;jump to C main() function
   421                           
   422                           	psect	bssCOMMON
   423     0079                     __pbssCOMMON:
   424     0079                     _loop_counter:
   425     0079                     	ds	2
   426     007B                     _brightness_direction:
   427     007B                     	ds	1
   428                           
   429                           	psect	dataCOMMON
   430     0070                     __pdataCOMMON:
   431     0070                     _req_time:
   432     0070                     	ds	2
   433     0072                     _duty_cycle:
   434     0072                     	ds	2
   435     0074                     read_digital_keypad@once:
   436     0074                     	ds	1
   437                           
   438                           	psect	bssBANK0
   439     0020                     __pbssBANK0:
   440     0020                     isr@count:
   441     0020                     	ds	2
   442                           
   443                           	psect	cstackCOMMON
   444     0075                     __pcstackCOMMON:
   445     0075                     ?_init_digital_keypad:
   446     0075                     ?_read_digital_keypad:	
   447                           ; 1 bytes @ 0x0
   448                           
   449     0075                     ?_init_timer0:	
   450                           ; 1 bytes @ 0x0
   451                           
   452     0075                     ?_software_pwm:	
   453                           ; 1 bytes @ 0x0
   454                           
   455     0075                     ?_init_config:	
   456                           ; 1 bytes @ 0x0
   457                           
   458     0075                     ?_main:	
   459                           ; 1 bytes @ 0x0
   460                           
   461     0075                     ?_isr:	
   462                           ; 1 bytes @ 0x0
   463                           
   464     0075                     ??_software_pwm:	
   465                           ; 1 bytes @ 0x0
   466                           
   467     0075                     ??_isr:	
   468                           ; 1 bytes @ 0x0
   469                           
   470                           
   471                           ; 1 bytes @ 0x0
   472     0075                     	ds	2
   473     0077                     ??_init_digital_keypad:
   474     0077                     ??_read_digital_keypad:	
   475                           ; 1 bytes @ 0x2
   476                           
   477     0077                     ??_init_timer0:	
   478                           ; 1 bytes @ 0x2
   479                           
   480     0077                     ??_init_config:	
   481                           ; 1 bytes @ 0x2
   482                           
   483                           
   484                           ; 1 bytes @ 0x2
   485     0077                     	ds	1
   486     0078                     read_digital_keypad@mode:
   487                           
   488                           ; 1 bytes @ 0x3
   489     0078                     	ds	1
   490     0079                     ??_main:
   491                           
   492                           	psect	cstackBANK0
   493     0022                     __pcstackBANK0:	
   494                           ; 1 bytes @ 0x4
   495                           
   496     0022                     main@key:
   497                           
   498                           ; 1 bytes @ 0x0
   499     0022                     	ds	1
   500                           
   501                           	psect	maintext
   502     00CA                     __pmaintext:	
   503 ;;
   504 ;;Main: autosize = 0, tempsize = 0, incstack = 0, save=0
   505 ;;
   506 ;; *************** function _main *****************
   507 ;; Defined at:
   508 ;;		line 51 in file "main.c"
   509 ;; Parameters:    Size  Location     Type
   510 ;;		None
   511 ;; Auto vars:     Size  Location     Type
   512 ;;  key             1    0[BANK0 ] unsigned char 
   513 ;; Return value:  Size  Location     Type
   514 ;;                  1    wreg      void 
   515 ;; Registers used:
   516 ;;		wreg, status,2, status,0, pclath, cstack
   517 ;; Tracked objects:
   518 ;;		On entry : B00/0
   519 ;;		On exit  : 0/0
   520 ;;		Unchanged: 0/0
   521 ;; Data sizes:     COMMON   BANK0   BANK1   BANK3   BANK2
   522 ;;      Params:         0       0       0       0       0
   523 ;;      Locals:         0       1       0       0       0
   524 ;;      Temps:          0       0       0       0       0
   525 ;;      Totals:         0       1       0       0       0
   526 ;;Total ram usage:        1 bytes
   527 ;; Hardware stack levels required when called: 4
   528 ;; This function calls:
   529 ;;		_init_config
   530 ;;		_read_digital_keypad
   531 ;; This function is called by:
   532 ;;		Startup code after reset
   533 ;; This function uses a non-reentrant model
   534 ;;
   535                           
   536     00CA                     _main:	
   537                           ;psect for function _main
   538                           
   539     00CA                     l812:	
   540                           ;incstack = 0
   541                           ; Regs used in _main: [wreg+status,2+status,0+pclath+cstack]
   542                           
   543                           
   544                           ;main.c: 53:             brightness_direction = 2;;main.c: 55:         else
   545     00CA  120A  118A  2112  120A  118A  	fcall	_init_config
   546     00CF                     l47:	
   547                           ;main.c: 57:             brightness_direction = 0;
   548                           
   549                           
   550                           ;main.c: 58:         };main.c: 59:     }
   551     00CF  3000               	movlw	0
   552     00D0  120A  118A  20A0  120A  118A  	fcall	_read_digital_keypad
   553     00D5  1283               	bcf	3,5	;RP0=0, select bank0
   554     00D6  1303               	bcf	3,6	;RP1=0, select bank0
   555     00D7  00A2               	movwf	main@key
   556     00D8                     l814:
   557     00D8  303E               	movlw	62
   558     00D9  0622               	xorwf	main@key,w
   559     00DA  1D03               	btfss	3,2
   560     00DB  28DD               	goto	u311
   561     00DC  28DE               	goto	u310
   562     00DD                     u311:
   563     00DD  28E1               	goto	l818
   564     00DE                     u310:
   565     00DE                     l816:
   566     00DE  3001               	movlw	1
   567     00DF  00FB               	movwf	_brightness_direction
   568     00E0  28CF               	goto	l47
   569     00E1                     l818:
   570     00E1  303D               	movlw	61
   571     00E2  0622               	xorwf	main@key,w
   572     00E3  1D03               	btfss	3,2
   573     00E4  28E6               	goto	u321
   574     00E5  28E7               	goto	u320
   575     00E6                     u321:
   576     00E6  28EA               	goto	l822
   577     00E7                     u320:
   578     00E7                     l820:
   579     00E7  3002               	movlw	2
   580     00E8  00FB               	movwf	_brightness_direction
   581     00E9  28CF               	goto	l47
   582     00EA                     l822:
   583     00EA  01FB               	clrf	_brightness_direction
   584     00EB  28CF               	goto	l47
   585     00EC  120A  118A  280C   	ljmp	start
   586     00EF                     __end_of_main:
   587                           
   588                           	psect	text1
   589     00A0                     __ptext1:	
   590 ;; *************** function _read_digital_keypad *****************
   591 ;; Defined at:
   592 ;;		line 10 in file "digital_keypad.c"
   593 ;; Parameters:    Size  Location     Type
   594 ;;  mode            1    wreg     unsigned char 
   595 ;; Auto vars:     Size  Location     Type
   596 ;;  mode            1    3[COMMON] unsigned char 
   597 ;; Return value:  Size  Location     Type
   598 ;;                  1    wreg      unsigned char 
   599 ;; Registers used:
   600 ;;		wreg, status,2, status,0
   601 ;; Tracked objects:
   602 ;;		On entry : 0/0
   603 ;;		On exit  : 0/0
   604 ;;		Unchanged: 0/0
   605 ;; Data sizes:     COMMON   BANK0   BANK1   BANK3   BANK2
   606 ;;      Params:         0       0       0       0       0
   607 ;;      Locals:         1       0       0       0       0
   608 ;;      Temps:          1       0       0       0       0
   609 ;;      Totals:         2       0       0       0       0
   610 ;;Total ram usage:        2 bytes
   611 ;; Hardware stack levels used: 1
   612 ;; Hardware stack levels required when called: 2
   613 ;; This function calls:
   614 ;;		Nothing
   615 ;; This function is called by:
   616 ;;		_main
   617 ;; This function uses a non-reentrant model
   618 ;;
   619                           
   620     00A0                     _read_digital_keypad:	
   621                           ;psect for function _read_digital_keypad
   622                           
   623                           
   624                           ;incstack = 0
   625                           ; Regs used in _read_digital_keypad: [wreg+status,2+status,0]
   626                           ;read_digital_keypad@mode stored from wreg
   627     00A0  00F8               	movwf	read_digital_keypad@mode
   628     00A1                     l784:
   629                           
   630                           ;digital_keypad.c: 10: unsigned char read_digital_keypad(unsigned char mode);digital_key
      +                          pad.c: 11: {;digital_keypad.c: 12:     static unsigned char once = 1;;digital_keypad.c: 
      +                          14:     if (mode == 0)
   631     00A1  0878               	movf	read_digital_keypad@mode,w
   632     00A2  1D03               	btfss	3,2
   633     00A3  28A5               	goto	u271
   634     00A4  28A6               	goto	u270
   635     00A5                     u271:
   636     00A5  28AB               	goto	l792
   637     00A6                     u270:
   638     00A6                     l786:
   639                           
   640                           ;digital_keypad.c: 15:     {;digital_keypad.c: 16:         return PORTB & 0x3F;
   641     00A6  1283               	bcf	3,5	;RP0=0, select bank0
   642     00A7  1303               	bcf	3,6	;RP1=0, select bank0
   643     00A8  0806               	movf	6,w	;volatile
   644     00A9  393F               	andlw	63
   645     00AA  28C9               	goto	l96
   646     00AB                     l792:
   647                           
   648                           ;digital_keypad.c: 19:     {;digital_keypad.c: 20:         if (((PORTB & 0x3F) != 0x3F) 
      +                          && once)
   649     00AB  303F               	movlw	63
   650     00AC  1283               	bcf	3,5	;RP0=0, select bank0
   651     00AD  1303               	bcf	3,6	;RP1=0, select bank0
   652     00AE  0506               	andwf	6,w	;volatile
   653     00AF  00F7               	movwf	??_read_digital_keypad
   654     00B0  303F               	movlw	63
   655     00B1  0677               	xorwf	??_read_digital_keypad,w
   656     00B2  1903               	btfsc	3,2
   657     00B3  28B5               	goto	u281
   658     00B4  28B6               	goto	u280
   659     00B5                     u281:
   660     00B5  28BD               	goto	l804
   661     00B6                     u280:
   662     00B6                     l794:
   663     00B6  0874               	movf	read_digital_keypad@once,w
   664     00B7  1903               	btfsc	3,2
   665     00B8  28BA               	goto	u291
   666     00B9  28BB               	goto	u290
   667     00BA                     u291:
   668     00BA  28BD               	goto	l804
   669     00BB                     u290:
   670     00BB                     l796:
   671                           
   672                           ;digital_keypad.c: 21:         {;digital_keypad.c: 22:             once = 0;
   673     00BB  01F4               	clrf	read_digital_keypad@once
   674     00BC  28A6               	goto	l786
   675     00BD                     l804:
   676     00BD  303F               	movlw	63
   677     00BE  0506               	andwf	6,w	;volatile
   678     00BF  00F7               	movwf	??_read_digital_keypad
   679     00C0  303F               	movlw	63
   680     00C1  0677               	xorwf	??_read_digital_keypad,w
   681     00C2  1D03               	btfss	3,2
   682     00C3  28C5               	goto	u301
   683     00C4  28C6               	goto	u300
   684     00C5                     u301:
   685     00C5  28C8               	goto	l808
   686     00C6                     u300:
   687     00C6                     l806:
   688                           
   689                           ;digital_keypad.c: 27:         {;digital_keypad.c: 28:             once = 1;
   690     00C6  3001               	movlw	1
   691     00C7  00F4               	movwf	read_digital_keypad@once
   692     00C8                     l808:
   693                           
   694                           ;digital_keypad.c: 32:     return 0x3F;
   695     00C8  303F               	movlw	63
   696     00C9                     l96:
   697     00C9  0008               	return
   698     00CA                     __end_of_read_digital_keypad:
   699                           
   700                           	psect	text2
   701     0112                     __ptext2:	
   702 ;; *************** function _init_config *****************
   703 ;; Defined at:
   704 ;;		line 40 in file "main.c"
   705 ;; Parameters:    Size  Location     Type
   706 ;;		None
   707 ;; Auto vars:     Size  Location     Type
   708 ;;		None
   709 ;; Return value:  Size  Location     Type
   710 ;;                  1    wreg      void 
   711 ;; Registers used:
   712 ;;		wreg, status,2, status,0, pclath, cstack
   713 ;; Tracked objects:
   714 ;;		On entry : 0/0
   715 ;;		On exit  : 0/0
   716 ;;		Unchanged: 0/0
   717 ;; Data sizes:     COMMON   BANK0   BANK1   BANK3   BANK2
   718 ;;      Params:         0       0       0       0       0
   719 ;;      Locals:         0       0       0       0       0
   720 ;;      Temps:          0       0       0       0       0
   721 ;;      Totals:         0       0       0       0       0
   722 ;;Total ram usage:        0 bytes
   723 ;; Hardware stack levels used: 1
   724 ;; Hardware stack levels required when called: 3
   725 ;; This function calls:
   726 ;;		_init_digital_keypad
   727 ;;		_init_timer0
   728 ;; This function is called by:
   729 ;;		_main
   730 ;; This function uses a non-reentrant model
   731 ;;
   732                           
   733     0112                     _init_config:	
   734                           ;psect for function _init_config
   735                           
   736     0112                     l776:	
   737                           ;incstack = 0
   738                           ; Regs used in _init_config: [wreg+status,2+status,0+pclath+cstack]
   739                           
   740                           
   741                           ;main.c: 42: 
   742     0112  1283               	bcf	3,5	;RP0=0, select bank0
   743     0113  1303               	bcf	3,6	;RP1=0, select bank0
   744     0114  0188               	clrf	8	;volatile
   745                           
   746                           ;main.c: 43:     while (1)
   747     0115  1683               	bsf	3,5	;RP0=1, select bank1
   748     0116  1303               	bcf	3,6	;RP1=0, select bank1
   749     0117  0188               	clrf	8	;volatile
   750     0118                     l778:
   751                           
   752                           ;main.c: 45:         key = read_digital_keypad(0);
   753     0118  120A  118A  212E  120A  118A  	fcall	_init_digital_keypad
   754     011D                     l780:
   755                           
   756                           ;main.c: 46: 
   757     011D  120A  118A  2124  120A  118A  	fcall	_init_timer0
   758     0122                     l782:
   759                           
   760                           ;main.c: 48:         {
   761     0122  178B               	bsf	11,7	;volatile
   762     0123                     l42:
   763     0123  0008               	return
   764     0124                     __end_of_init_config:
   765                           
   766                           	psect	text3
   767     0124                     __ptext3:	
   768 ;; *************** function _init_timer0 *****************
   769 ;; Defined at:
   770 ;;		line 3 in file "timers.c"
   771 ;; Parameters:    Size  Location     Type
   772 ;;		None
   773 ;; Auto vars:     Size  Location     Type
   774 ;;		None
   775 ;; Return value:  Size  Location     Type
   776 ;;                  1    wreg      void 
   777 ;; Registers used:
   778 ;;		None
   779 ;; Tracked objects:
   780 ;;		On entry : 0/0
   781 ;;		On exit  : 0/0
   782 ;;		Unchanged: 0/0
   783 ;; Data sizes:     COMMON   BANK0   BANK1   BANK3   BANK2
   784 ;;      Params:         0       0       0       0       0
   785 ;;      Locals:         0       0       0       0       0
   786 ;;      Temps:          0       0       0       0       0
   787 ;;      Totals:         0       0       0       0       0
   788 ;;Total ram usage:        0 bytes
   789 ;; Hardware stack levels used: 1
   790 ;; Hardware stack levels required when called: 2
   791 ;; This function calls:
   792 ;;		Nothing
   793 ;; This function is called by:
   794 ;;		_init_config
   795 ;; This function uses a non-reentrant model
   796 ;;
   797                           
   798     0124                     _init_timer0:	
   799                           ;psect for function _init_timer0
   800                           
   801     0124                     l772:	
   802                           ;incstack = 0
   803                           ; Regs used in _init_timer0: []
   804                           
   805                           
   806                           ;timers.c: 6:     T0CS = 0;
   807     0124  1683               	bsf	3,5	;RP0=1, select bank1
   808     0125  1303               	bcf	3,6	;RP1=0, select bank1
   809     0126  1281               	bcf	1,5	;volatile
   810                           
   811                           ;timers.c: 9:     PSA = 1;
   812     0127  1581               	bsf	1,3	;volatile
   813                           
   814                           ;timers.c: 11:     TMR0 = 6;
   815     0128  3006               	movlw	6
   816     0129  1283               	bcf	3,5	;RP0=0, select bank0
   817     012A  1303               	bcf	3,6	;RP1=0, select bank0
   818     012B  0081               	movwf	1	;volatile
   819                           
   820                           ;timers.c: 14:     TMR0IE = 1;
   821     012C  168B               	bsf	11,5	;volatile
   822     012D                     l11:
   823     012D  0008               	return
   824     012E                     __end_of_init_timer0:
   825                           
   826                           	psect	text4
   827     012E                     __ptext4:	
   828 ;; *************** function _init_digital_keypad *****************
   829 ;; Defined at:
   830 ;;		line 4 in file "digital_keypad.c"
   831 ;; Parameters:    Size  Location     Type
   832 ;;		None
   833 ;; Auto vars:     Size  Location     Type
   834 ;;		None
   835 ;; Return value:  Size  Location     Type
   836 ;;                  1    wreg      void 
   837 ;; Registers used:
   838 ;;		wreg, status,2
   839 ;; Tracked objects:
   840 ;;		On entry : 0/0
   841 ;;		On exit  : 0/0
   842 ;;		Unchanged: 0/0
   843 ;; Data sizes:     COMMON   BANK0   BANK1   BANK3   BANK2
   844 ;;      Params:         0       0       0       0       0
   845 ;;      Locals:         0       0       0       0       0
   846 ;;      Temps:          0       0       0       0       0
   847 ;;      Totals:         0       0       0       0       0
   848 ;;Total ram usage:        0 bytes
   849 ;; Hardware stack levels used: 1
   850 ;; Hardware stack levels required when called: 2
   851 ;; This function calls:
   852 ;;		Nothing
   853 ;; This function is called by:
   854 ;;		_init_config
   855 ;; This function uses a non-reentrant model
   856 ;;
   857                           
   858     012E                     _init_digital_keypad:	
   859                           ;psect for function _init_digital_keypad
   860                           
   861     012E                     l774:	
   862                           ;incstack = 0
   863                           ; Regs used in _init_digital_keypad: [wreg+status,2]
   864                           
   865                           
   866                           ;digital_keypad.c: 7:     TRISB = TRISB | 0x3F;
   867     012E  1683               	bsf	3,5	;RP0=1, select bank1
   868     012F  1303               	bcf	3,6	;RP1=0, select bank1
   869     0130  0806               	movf	6,w	;volatile
   870     0131  383F               	iorlw	63
   871     0132  0086               	movwf	6	;volatile
   872     0133                     l90:
   873     0133  0008               	return
   874     0134                     __end_of_init_digital_keypad:
   875                           
   876                           	psect	text5
   877     0036                     __ptext5:	
   878 ;; *************** function _isr *****************
   879 ;; Defined at:
   880 ;;		line 4 in file "isr.c"
   881 ;; Parameters:    Size  Location     Type
   882 ;;		None
   883 ;; Auto vars:     Size  Location     Type
   884 ;;		None
   885 ;; Return value:  Size  Location     Type
   886 ;;                  1    wreg      void 
   887 ;; Registers used:
   888 ;;		wreg, status,2, status,0, pclath, cstack
   889 ;; Tracked objects:
   890 ;;		On entry : 0/0
   891 ;;		On exit  : 0/0
   892 ;;		Unchanged: 0/0
   893 ;; Data sizes:     COMMON   BANK0   BANK1   BANK3   BANK2
   894 ;;      Params:         0       0       0       0       0
   895 ;;      Locals:         0       0       0       0       0
   896 ;;      Temps:          2       0       0       0       0
   897 ;;      Totals:         2       0       0       0       0
   898 ;;Total ram usage:        2 bytes
   899 ;; Hardware stack levels used: 1
   900 ;; Hardware stack levels required when called: 1
   901 ;; This function calls:
   902 ;;		_software_pwm
   903 ;; This function is called by:
   904 ;;		Interrupt level 1
   905 ;; This function uses a non-reentrant model
   906 ;;
   907                           
   908     0036                     _isr:	
   909                           ;psect for function _isr
   910                           
   911     0036                     i1l742:
   912                           
   913                           ;isr.c: 6:     static unsigned int count = 0;;isr.c: 8:     if (TMR0IF == 1)
   914     0036  1D0B               	btfss	11,2	;volatile
   915     0037  2839               	goto	u19_21
   916     0038  283A               	goto	u19_20
   917     0039                     u19_21:
   918     0039  2899               	goto	i1l83
   919     003A                     u19_20:
   920     003A                     i1l744:
   921                           
   922                           ;isr.c: 9:     {;isr.c: 10:         TMR0 = TMR0 + 6 + 2;
   923     003A  1283               	bcf	3,5	;RP0=0, select bank0
   924     003B  1303               	bcf	3,6	;RP1=0, select bank0
   925     003C  0801               	movf	1,w	;volatile
   926     003D  3E08               	addlw	8
   927     003E  0081               	movwf	1	;volatile
   928     003F                     i1l746:
   929                           
   930                           ;isr.c: 12:         software_pwm();
   931     003F  120A  118A  20EF  120A  118A  	fcall	_software_pwm
   932     0044                     i1l748:
   933                           
   934                           ;isr.c: 14:         if (++count >= req_time)
   935     0044  3001               	movlw	1
   936     0045  1283               	bcf	3,5	;RP0=0, select bank0
   937     0046  1303               	bcf	3,6	;RP1=0, select bank0
   938     0047  07A0               	addwf	isr@count,f
   939     0048  1803               	skipnc
   940     0049  0AA1               	incf	isr@count+1,f
   941     004A  3000               	movlw	0
   942     004B  07A1               	addwf	isr@count+1,f
   943     004C  0871               	movf	_req_time+1,w
   944     004D  0221               	subwf	isr@count+1,w
   945     004E  1D03               	skipz
   946     004F  2852               	goto	u20_25
   947     0050  0870               	movf	_req_time,w
   948     0051  0220               	subwf	isr@count,w
   949     0052                     u20_25:
   950     0052  1C03               	skipc
   951     0053  2855               	goto	u20_21
   952     0054  2856               	goto	u20_20
   953     0055                     u20_21:
   954     0055  2898               	goto	i1l770
   955     0056                     u20_20:
   956     0056                     i1l750:
   957                           
   958                           ;isr.c: 15:         {;isr.c: 16:             count = 0;
   959     0056  01A0               	clrf	isr@count
   960     0057  01A1               	clrf	isr@count+1
   961     0058                     i1l752:
   962                           
   963                           ;isr.c: 18:             if (brightness_direction == 1)
   964     0058  037B               	decf	_brightness_direction,w
   965     0059  1D03               	btfss	3,2
   966     005A  285C               	goto	u21_21
   967     005B  285D               	goto	u21_20
   968     005C                     u21_21:
   969     005C  287A               	goto	i1l760
   970     005D                     u21_20:
   971     005D                     i1l754:
   972                           
   973                           ;isr.c: 19:             {;isr.c: 20:                 if (duty_cycle < 100)
   974     005D  3000               	movlw	0
   975     005E  0273               	subwf	_duty_cycle+1,w
   976     005F  3064               	movlw	100
   977     0060  1903               	skipnz
   978     0061  0272               	subwf	_duty_cycle,w
   979     0062  1803               	skipnc
   980     0063  2865               	goto	u22_21
   981     0064  2866               	goto	u22_20
   982     0065                     u22_21:
   983     0065  2898               	goto	i1l770
   984     0066                     u22_20:
   985     0066                     i1l756:
   986                           
   987                           ;isr.c: 21:                 {;isr.c: 22:                     duty_cycle += 10;
   988     0066  300A               	movlw	10
   989     0067  07F2               	addwf	_duty_cycle,f
   990     0068  1803               	skipnc
   991     0069  0AF3               	incf	_duty_cycle+1,f
   992     006A  3000               	movlw	0
   993     006B  07F3               	addwf	_duty_cycle+1,f
   994                           
   995                           ;isr.c: 24:                     if (duty_cycle > 100)
   996     006C  3000               	movlw	0
   997     006D  0273               	subwf	_duty_cycle+1,w
   998     006E  3065               	movlw	101
   999     006F  1903               	skipnz
  1000     0070  0272               	subwf	_duty_cycle,w
  1001     0071  1C03               	skipc
  1002     0072  2874               	goto	u23_21
  1003     0073  2875               	goto	u23_20
  1004     0074                     u23_21:
  1005     0074  2898               	goto	i1l770
  1006     0075                     u23_20:
  1007     0075                     i1l758:
  1008                           
  1009                           ;isr.c: 25:                     {;isr.c: 26:                         duty_cycle = 100;
  1010     0075  3064               	movlw	100
  1011     0076  00F2               	movwf	_duty_cycle
  1012     0077  3000               	movlw	0
  1013     0078  00F3               	movwf	_duty_cycle+1
  1014     0079  2898               	goto	i1l770
  1015     007A                     i1l760:
  1016     007A  3002               	movlw	2
  1017     007B  067B               	xorwf	_brightness_direction,w
  1018     007C  1D03               	btfss	3,2
  1019     007D  287F               	goto	u24_21
  1020     007E  2880               	goto	u24_20
  1021     007F                     u24_21:
  1022     007F  2898               	goto	i1l770
  1023     0080                     u24_20:
  1024     0080                     i1l762:
  1025                           
  1026                           ;isr.c: 31:             {;isr.c: 32:                 if (duty_cycle > 0)
  1027     0080  0872               	movf	_duty_cycle,w
  1028     0081  0473               	iorwf	_duty_cycle+1,w
  1029     0082  1903               	btfsc	3,2
  1030     0083  2885               	goto	u25_21
  1031     0084  2886               	goto	u25_20
  1032     0085                     u25_21:
  1033     0085  2898               	goto	i1l770
  1034     0086                     u25_20:
  1035     0086                     i1l764:
  1036                           
  1037                           ;isr.c: 33:                 {;isr.c: 34:                     if (duty_cycle < 10)
  1038     0086  3000               	movlw	0
  1039     0087  0273               	subwf	_duty_cycle+1,w
  1040     0088  300A               	movlw	10
  1041     0089  1903               	skipnz
  1042     008A  0272               	subwf	_duty_cycle,w
  1043     008B  1803               	skipnc
  1044     008C  288E               	goto	u26_21
  1045     008D  288F               	goto	u26_20
  1046     008E                     u26_21:
  1047     008E  2892               	goto	i1l768
  1048     008F                     u26_20:
  1049     008F                     i1l766:
  1050                           
  1051                           ;isr.c: 35:                     {;isr.c: 36:                         duty_cycle = 0;
  1052     008F  01F2               	clrf	_duty_cycle
  1053     0090  01F3               	clrf	_duty_cycle+1
  1054                           
  1055                           ;isr.c: 37:                     }
  1056     0091  2898               	goto	i1l770
  1057     0092                     i1l768:
  1058                           
  1059                           ;isr.c: 39:                     {;isr.c: 40:                         duty_cycle -= 10;
  1060     0092  300A               	movlw	10
  1061     0093  02F2               	subwf	_duty_cycle,f
  1062     0094  3000               	movlw	0
  1063     0095  1C03               	skipc
  1064     0096  03F3               	decf	_duty_cycle+1,f
  1065     0097  02F3               	subwf	_duty_cycle+1,f
  1066     0098                     i1l770:
  1067                           
  1068                           ;isr.c: 46:         TMR0IF = 0;
  1069     0098  110B               	bcf	11,2	;volatile
  1070     0099                     i1l83:
  1071     0099  0876               	movf	??_isr+1,w
  1072     009A  008A               	movwf	10
  1073     009B  0E75               	swapf	??_isr,w
  1074     009C  0083               	movwf	3
  1075     009D  0EFE               	swapf	btemp,f
  1076     009E  0E7E               	swapf	btemp,w
  1077     009F  0009               	retfie
  1078     00A0                     __end_of_isr:
  1079                           
  1080                           	psect	intentry
  1081     0004                     __pintentry:	
  1082                           ;incstack = 0
  1083                           ; Regs used in _isr: [wreg+status,2+status,0+pclath+cstack]
  1084                           
  1085     0004                     interrupt_function:
  1086     007E                     saved_w         set	btemp
  1087     0004  00FE               	movwf	btemp
  1088     0005  0E03               	swapf	3,w
  1089     0006  00F5               	movwf	??_isr
  1090     0007  080A               	movf	10,w
  1091     0008  00F6               	movwf	??_isr+1
  1092     0009  120A  118A  2836   	ljmp	_isr
  1093                           
  1094                           	psect	text6
  1095     00EF                     __ptext6:	
  1096 ;; *************** function _software_pwm *****************
  1097 ;; Defined at:
  1098 ;;		line 21 in file "main.c"
  1099 ;; Parameters:    Size  Location     Type
  1100 ;;		None
  1101 ;; Auto vars:     Size  Location     Type
  1102 ;;		None
  1103 ;; Return value:  Size  Location     Type
  1104 ;;                  1    wreg      void 
  1105 ;; Registers used:
  1106 ;;		wreg, status,2
  1107 ;; Tracked objects:
  1108 ;;		On entry : 0/0
  1109 ;;		On exit  : 0/0
  1110 ;;		Unchanged: 0/0
  1111 ;; Data sizes:     COMMON   BANK0   BANK1   BANK3   BANK2
  1112 ;;      Params:         0       0       0       0       0
  1113 ;;      Locals:         0       0       0       0       0
  1114 ;;      Temps:          0       0       0       0       0
  1115 ;;      Totals:         0       0       0       0       0
  1116 ;;Total ram usage:        0 bytes
  1117 ;; Hardware stack levels used: 1
  1118 ;; This function calls:
  1119 ;;		Nothing
  1120 ;; This function is called by:
  1121 ;;		_isr
  1122 ;; This function uses a non-reentrant model
  1123 ;;
  1124                           
  1125     00EF                     _software_pwm:	
  1126                           ;psect for function _software_pwm
  1127                           
  1128     00EF                     i1l734:	
  1129                           ;incstack = 0
  1130                           ; Regs used in _software_pwm: [wreg+status,2]
  1131                           
  1132                           
  1133                           ;main.c: 23:     }
  1134     00EF  0873               	movf	_duty_cycle+1,w
  1135     00F0  027A               	subwf	_loop_counter+1,w
  1136     00F1  1D03               	skipz
  1137     00F2  28F5               	goto	u17_25
  1138     00F3  0872               	movf	_duty_cycle,w
  1139     00F4  0279               	subwf	_loop_counter,w
  1140     00F5                     u17_25:
  1141     00F5  1803               	skipnc
  1142     00F6  28F8               	goto	u17_21
  1143     00F7  28F9               	goto	u17_20
  1144     00F8                     u17_21:
  1145     00F8  28FD               	goto	i1l36
  1146     00F9                     u17_20:
  1147     00F9                     i1l736:
  1148                           
  1149                           ;main.c: 24: };main.c: 25: 
  1150     00F9  1283               	bcf	3,5	;RP0=0, select bank0
  1151     00FA  1303               	bcf	3,6	;RP1=0, select bank0
  1152     00FB  1788               	bsf	8,7	;volatile
  1153                           
  1154                           ;main.c: 26: static void init_config(void)
  1155     00FC  2900               	goto	i1l738
  1156     00FD                     i1l36:	
  1157                           ;main.c: 27: {
  1158                           
  1159                           
  1160                           ;main.c: 28:     PORTD = 0x00;;main.c: 29:     TRISD = 0x00;
  1161     00FD  1283               	bcf	3,5	;RP0=0, select bank0
  1162     00FE  1303               	bcf	3,6	;RP1=0, select bank0
  1163     00FF  1388               	bcf	8,7	;volatile
  1164     0100                     i1l738:
  1165                           
  1166                           ;main.c: 32:     init_timer0();
  1167     0100  3001               	movlw	1
  1168     0101  07F9               	addwf	_loop_counter,f
  1169     0102  1803               	skipnc
  1170     0103  0AFA               	incf	_loop_counter+1,f
  1171     0104  3000               	movlw	0
  1172     0105  07FA               	addwf	_loop_counter+1,f
  1173                           
  1174                           ;main.c: 34:     GIE = 1;
  1175     0106  3000               	movlw	0
  1176     0107  027A               	subwf	_loop_counter+1,w
  1177     0108  3064               	movlw	100
  1178     0109  1903               	skipnz
  1179     010A  0279               	subwf	_loop_counter,w
  1180     010B  1C03               	skipc
  1181     010C  290E               	goto	u18_21
  1182     010D  290F               	goto	u18_20
  1183     010E                     u18_21:
  1184     010E  2911               	goto	i1l39
  1185     010F                     u18_20:
  1186     010F                     i1l740:
  1187                           
  1188                           ;main.c: 35: };main.c: 36: 
  1189     010F  01F9               	clrf	_loop_counter
  1190     0110  01FA               	clrf	_loop_counter+1
  1191     0111                     i1l39:
  1192     0111  0008               	return
  1193     0112                     __end_of_software_pwm:
  1194     0002                     ___latbits      equ	2
  1195     007E                     btemp           set	126	;btemp
  1196     007E                     btemp0          set	126
  1197     007F                     btemp1          set	127
  1198     007E                     wtemp0          set	126
  1199     007F                     wtemp0a         set	127
  1200     007F                     ttemp0a         set	127
  1201     0080                     ltemp0a         set	128
  1202                           
  1203                           	psect	config
  1204                           
  1205                           ;Config register CONFIG @ 0x2007
  1206                           ;	Oscillator Selection bits
  1207                           ;	FOSC = 0x3, unprogrammed default
  1208                           ;	Watchdog Timer Enable bit
  1209                           ;	WDTE = OFF, WDT disabled
  1210                           ;	Power-up Timer Enable bit
  1211                           ;	PWRTE = 0x1, unprogrammed default
  1212                           ;	Brown-out Reset Enable bit
  1213                           ;	BOREN = 0x1, unprogrammed default
  1214                           ;	Low-Voltage (Single-Supply) In-Circuit Serial Programming Enable bit
  1215                           ;	LVP = 0x1, unprogrammed default
  1216                           ;	Data EEPROM Memory Code Protection bit
  1217                           ;	CPD = 0x1, unprogrammed default
  1218                           ;	Flash Program Memory Write Enable bits
  1219                           ;	WRT = 0x3, unprogrammed default
  1220                           ;	In-Circuit Debugger Mode bit
  1221                           ;	DEBUG = 0x1, unprogrammed default
  1222                           ;	Flash Program Memory Code Protection bit
  1223                           ;	CP = 0x1, unprogrammed default
  1224     2007                     	org	8199
  1225     2007  3FFB               	dw	16379

Data Sizes:
    Strings     0
    Constant    0
    Data        5
    BSS         5
    Persistent  0
    Stack       0

Auto Spaces:
    Space          Size  Autos    Used
    COMMON           14      4      12
    BANK0            80      1       3
    BANK1            80      0       0
    BANK3            96      0       0
    BANK2            96      0       0

Pointer List with Targets:

    None.

Critical Paths under _main in COMMON

    _main->_read_digital_keypad

Critical Paths under _isr in COMMON

    None.

Critical Paths under _main in BANK0

    None.

Critical Paths under _isr in BANK0

    None.

Critical Paths under _main in BANK1

    None.

Critical Paths under _isr in BANK1

    None.

Critical Paths under _main in BANK3

    None.

Critical Paths under _isr in BANK3

    None.

Critical Paths under _main in BANK2

    None.

Critical Paths under _isr in BANK2

    None.

Call Graph Tables:

 ---------------------------------------------------------------------------------
 (Depth) Function   	        Calls       Base Space   Used Autos Params    Refs
 ---------------------------------------------------------------------------------
 (0) _main                                                 1     1      0      74
                                              0 BANK0      1     1      0
                        _init_config
                _read_digital_keypad
 ---------------------------------------------------------------------------------
 (1) _read_digital_keypad                                  2     2      0      29
                                              2 COMMON     2     2      0
 ---------------------------------------------------------------------------------
 (1) _init_config                                          0     0      0       0
                _init_digital_keypad
                        _init_timer0
 ---------------------------------------------------------------------------------
 (2) _init_timer0                                          0     0      0       0
 ---------------------------------------------------------------------------------
 (2) _init_digital_keypad                                  0     0      0       0
 ---------------------------------------------------------------------------------
 Estimated maximum stack depth 2
 ---------------------------------------------------------------------------------
 (Depth) Function   	        Calls       Base Space   Used Autos Params    Refs
 ---------------------------------------------------------------------------------
 (3) _isr                                                  2     2      0       0
                                              0 COMMON     2     2      0
                       _software_pwm
 ---------------------------------------------------------------------------------
 (4) _software_pwm                                         0     0      0       0
 ---------------------------------------------------------------------------------
 Estimated maximum stack depth 4
 ---------------------------------------------------------------------------------

 Call Graph Graphs:

 _main (ROOT)
   _init_config
     _init_digital_keypad
     _init_timer0
   _read_digital_keypad

 _isr (ROOT)
   _software_pwm

Address spaces:
Name               Size   Autos  Total    Usage
BANK3               96      0       0      0.0%
BITBANK3            96      0       0      0.0%
BANK2               96      0       0      0.0%
BITBANK2            96      0       0      0.0%
BANK1               80      0       0      0.0%
BITBANK1            80      0       0      0.0%
BANK0               80      1       3      3.8%
BITBANK0            80      0       0      0.0%
COMMON              14      4      12     85.7%
BITCOMMON           14      0       0      0.0%
DATA                 0      0      15      0.0%
STACK                0      0       0      0.0%


Microchip Technology PIC Macro Assembler V4.00 build 20260614213421 
Symbol Table                                                                                   Sun Aug 23 15:39:41 2026

                         l11 012D                           l42 0123                           l47 00CF  
                         l90 0133                           l96 00C9                          l804 00BD  
                        l820 00E7                          l812 00CA                          l806 00C6  
                        l822 00EA                          l814 00D8                          l808 00C8  
                        l816 00DE                          l818 00E1                          l772 0124  
                        l780 011D                          l774 012E                          l782 0122  
                        l776 0112                          l792 00AB                          l784 00A1  
                        l778 0118                          l794 00B6                          l786 00A6  
                        l796 00BB                          _GIE 005F                          _RD7 0047  
                        u300 00C6                          u301 00C5                          u310 00DE  
                        u311 00DD                          u320 00E7                          u321 00E6  
                        u270 00A6                          u271 00A5                          u280 00B6  
                        u281 00B5                          u290 00BB                          u291 00BA  
                        _PSA 040B                          _isr 0036                 _software_pwm 00EF  
      ??_read_digital_keypad 0077                         ?_isr 0075                         _T0CS 040D  
                       i1l36 00FD                         i1l39 0111                         i1l83 0099  
                       _TMR0 0001                         _main 00CA                         btemp 007E  
                       start 000C                        ??_isr 0075                        ?_main 0075  
               ?_init_config 0075                        i1l740 010F                        i1l734 00EF  
                      i1l750 0056                        i1l742 0036                        i1l736 00F9  
                      i1l760 007A                        i1l752 0058                        i1l744 003A  
                      i1l738 0100                        i1l762 0080                        i1l754 005D  
                      i1l770 0098                        i1l746 003F                        i1l764 0086  
                      i1l756 0066                        i1l748 0044                        i1l766 008F  
                      i1l758 0075                        i1l768 0092                        u20_20 0056  
                      u20_21 0055                        u20_25 0052                        u21_20 005D  
                      u21_21 005C                        u22_20 0066                        u22_21 0065  
                      u23_20 0075                        u23_21 0074                        u24_20 0080  
                      u24_21 007F                        u17_20 00F9                        u25_20 0086  
                      u17_21 00F8                        u25_21 0085                        u17_25 00F5  
                      u18_20 010F                        u26_20 008F                        u18_21 010E  
                      u26_21 008E                        u19_20 003A                        u19_21 0039  
                      _PORTB 0006                        _PORTD 0008                        _TRISB 0086  
                      _TRISD 0088                 ?_init_timer0 0075                        btemp0 007E  
                      btemp1 007F                        pclath 000A                        status 0003  
                      wtemp0 007E              __initialization 000F                 __end_of_main 00EF  
                     ??_main 0079                       _TMR0IE 005D                       _TMR0IF 005A  
       _brightness_direction 007B  __end_of_init_digital_keypad 0134                 __pdataCOMMON 0070  
                     ltemp0a 0080                       saved_w 007E                       ttemp0a 007F  
                     wtemp0a 007F      __end_of__initialization 0032               __pcstackCOMMON 0075  
                 __pbssBANK0 0020                   __pmaintext 00CA                   __pintentry 0004  
__end_of_read_digital_keypad 00CA                      __ptext1 00A0                      __ptext2 0112  
                    __ptext3 0124                      __ptext4 012E                      __ptext5 0036  
                    __ptext6 00EF                   _duty_cycle 0072                      main@key 0022  
       end_of_initialization 0032                __pidataCOMMON 0134                ?_software_pwm 0075  
        start_initialization 000F                  __end_of_isr 00A0                ??_init_config 0077  
             ??_software_pwm 0075                ??_init_timer0 0077                  __pbssCOMMON 0079  
                  ___latbits 0002                __pcstackBANK0 0022          __end_of_init_config 0124  
        __end_of_init_timer0 012E            interrupt_function 0004          _init_digital_keypad 012E  
       __end_of_software_pwm 0112                 _loop_counter 0079         ?_init_digital_keypad 0075  
                _init_config 0112                  _init_timer0 0124      read_digital_keypad@mode 0078  
    read_digital_keypad@once 0074                     _req_time 0070        ??_init_digital_keypad 0077  
                   isr@count 0020                     intlevel1 0000          _read_digital_keypad 00A0  
       ?_read_digital_keypad 0075  
