Microchip MPLAB XC8 Compiler V4.00

Linker command line:

-W-3 \
  --edf=C:\Program Files\Microchip\xc8\v4.00\pic\dat\20260614213421_en.msgs \
  -cn -h+dist/default/production\Assignment_13.X.X.production.sym \
  --cmf=dist/default/production\Assignment_13.X.X.production.cmf -z \
  -Q16F877A -oC:\Users\kirut\AppData\Local\Temp\xcAs25k.0\driver_tmp_3.o \
  --defsym=__MPLAB_BUILD=1 --fixupoverflow=error \
  -Mdist/default/production/Assignment_13.X.X.production.map \
  --md=C:\Users\kirut\AppData\Local\Temp\xcAs25k.0\driver_tmp_0.dat -E1 \
  -ver=XC8 Compiler -ACODE=00h-07FFhx4 -ASTRCODE=00h-01FFFh \
  -ASTRING=00h-0FFhx32 -ACONST=00h-0FFhx32 -AENTRY=00h-0FFhx32 \
  -ACOMMON=070h-07Fh -ABANK0=020h-06Fh -ABANK1=0A0h-0EFh \
  -ABANK2=0110h-016Fh -ABANK3=0190h-01EFh \
  -ARAM=020h-06Fh,0A0h-0EFh,0110h-016Fh,0190h-01EFh \
  -AABS1=020h-07Fh,0A0h-0EFh,0110h-016Fh,0190h-01EFh -ASFR0=00h-01Fh \
  -ASFR1=080h-09Fh -ASFR2=0100h-010Fh -ASFR3=0180h-018Fh \
  -ACONFIG=02007h-02007h -DCONFIG=2 -AIDLOC=02000h-02003h -DIDLOC=2 \
  -AEEDATA=00h-0FFh/02100h -peeprom_data=EEDATA -DEEDATA=2 -DCODE=2 \
  -DSTRCODE=2 -DSTRING=2 -DCONST=2 -DENTRY=2 \
  -preset_vec=00h,intentry,sivt,init,end_init -ppowerup=CODE -pcinit=CODE \
  -pfunctab=ENTRY -k \
  C:\Users\kirut\AppData\Local\Temp\xcAs25k.0\driver_tmp_16.o \
  dist/default/production\Assignment_13.X.X.production.o 

Object code version is 3.11

Machine type is 16F877A



                Name                               Link     Load   Length Selector   Space Scale
C:\Users\kirut\AppData\Local\Temp\xcAs25k.0\driver_tmp_16.o
                end_init                              0        0        3        0       0
                config                             2007     2007        1        0       4
dist/default/production\Assignment_13.X.X.production.o
                cinit                               7EE      7EE       12      FDC       0
                config                             2007     2007        1        0       4
                text11                              589      589       33      B12       0
                text10                              4CC      4CC        C      998       0
                text9                               4C1      4C1        B      982       0
                text8                               50F      50F       25      A1E       0
                text7                               4FA      4FA       15      9F4       0
                text6                               636      636       68      C6C       0
                text5                               534      534       2A      A68       0
                text4                               5F4      5F4       42      BE8       0
                text3                               5BC      5BC       38      B78       0
                text2                               55E      55E       2B      ABC       0
                text1                               69E      69E       77      D3C       0
                maintext                            715      715       D9      E2A       0
                cstackBANK0                          2F       2F        7       20       1
                cstackCOMMON                         70       70        E       70       1
                inittext                            4E7      4E7       13      9CE       0
                dataBANK0                            20       20        F       20       1
                idataBANK0                          4D8      4D8        F      9B0       0

TOTAL           Name                               Link     Load   Length     Space
        CLASS   CODE           
                end_init                              0        0        3         0
                cinit                               7EE      7EE       12         0
                text11                              589      589       33         0
                text10                              4CC      4CC        C         0
                text9                               4C1      4C1        B         0
                text8                               50F      50F       25         0
                text7                               4FA      4FA       15         0
                text6                               636      636       68         0
                text5                               534      534       2A         0
                text4                               5F4      5F4       42         0
                text3                               5BC      5BC       38         0
                text2                               55E      55E       2B         0
                text1                               69E      69E       77         0
                maintext                            715      715       D9         0
                inittext                            4E7      4E7       13         0
                idataBANK0                          4D8      4D8        F         0

        CLASS   STRCODE        

        CLASS   STRING         

        CLASS   CONST          

        CLASS   ENTRY          

        CLASS   COMMON         
                cstackCOMMON                         70       70        E         1

        CLASS   BANK0          
                cstackBANK0                          2F       2F        7         1
                dataBANK0                            20       20        F         1

        CLASS   BANK1          

        CLASS   BANK2          

        CLASS   BANK3          

        CLASS   RAM            

        CLASS   ABS1           
                abs_s1                               7E       7E        2         1

        CLASS   SFR0           

        CLASS   SFR1           

        CLASS   SFR2           

        CLASS   SFR3           

        CLASS   CONFIG         
                config                             2007     2007        1         4

        CLASS   IDLOC          

        CLASS   EEDATA         

        CLASS   HEAP           

        CLASS   STACK          



SEGMENTS        Name                           Load    Length   Top    Selector   Space  Class     Delta

                reset_vec                      000000  000003  000003         0       0  CODE        2
                dataBANK0                      000020  000016  000036        20       1  BANK0       1
                cstackCOMMON                   000070  00000E  00007E        70       1  COMMON      1
                text9                          0004C1  00000B  0004CC       982       0  CODE        2
                text10                         0004CC  00000C  0004D8       998       0  CODE        2
                idataBANK0                     0004D8  00000F  0004E7       9B0       0  CODE        2
                inittext                       0004E7  000013  0004FA       9CE       0  CODE        2
                text7                          0004FA  000015  00050F       9F4       0  CODE        2
                text8                          00050F  000025  000534       A1E       0  CODE        2
                text5                          000534  00002A  00055E       A68       0  CODE        2
                text2                          00055E  00002B  000589       ABC       0  CODE        2
                text11                         000589  000033  0005BC       B12       0  CODE        2
                text3                          0005BC  000038  0005F4       B78       0  CODE        2
                text4                          0005F4  000042  000636       BE8       0  CODE        2
                text6                          000636  000068  00069E       C6C       0  CODE        2
                text1                          00069E  000077  000715       D3C       0  CODE        2
                maintext                       000715  0000D9  0007EE       E2A       0  CODE        2
                cinit                          0007EE  000012  000800       FDC       0  CODE        2


UNUSED ADDRESS RANGES

        Name                Unused          Largest block    Delta
        BANK0            0036-006F             3A           1
        BANK1            00A0-00EF             50           1
        BANK2            0110-016F             60           1
        BANK3            0190-01EF             60           1
        CODE             0003-04C0            4BE           2
                         0800-1FFF            800
        CONST            0003-04C0            100           2
                         0800-1FFF            100
        EEDATA           2100-21FF            100           2
        ENTRY            0003-04C0            100           2
                         0800-1FFF            100
        IDLOC            2000-2003              4           2
        RAM              0036-006F             3A           1
                         00A0-00EF             50
                         0110-016F             60
                         0190-01EF             60
        SFR0             0000-001F             20           1
        SFR1             0080-009F             20           1
        SFR2             0100-010F             10           1
        SFR3             0180-018F             10           1
        STRCODE          0003-04C0            4BE           2
                         0800-1FFF           1800
        STRING           0003-04C0            100           2
                         0800-1FFF            100

                                  Symbol Table

?___lwdiv                    cstackCOMMON 0070
?___lwmod                    cstackCOMMON 0077
?___wmul                     cstackCOMMON 0070
?_load_count                 cstackCOMMON 0076
_EEADR                       (abs)        010D
_EECON1                      (abs)        018C
_EECON1bits                  (abs)        018C
_EECON2                      (abs)        018D
_EEDATA                      (abs)        010C
_INTCONbits                  (abs)        000B
_PORTA                       (abs)        0005
_PORTB                       (abs)        0006
_PORTD                       (abs)        0008
_STATUSbits                  (abs)        0003
_TRISA                       (abs)        0085
_TRISB                       (abs)        0086
_TRISD                       (abs)        0088
__H__absolute__              __absolute__ 0000
__Habs1                      abs1         0000
__Hbank0                     bank0        0000
__Hbank1                     bank1        0000
__Hbank2                     bank2        0000
__Hbank3                     bank3        0000
__Hcinit                     cinit        0800
__Hclrtext                   clrtext      0000
__Hcode                      code         0000
__Hcommon                    common       0000
__Hconfig                    config       2008
__HcstackBANK0               cstackBANK0  0000
__HcstackCOMMON              cstackCOMMON 0000
__HdataBANK0                 dataBANK0    0000
__Heeprom_data               eeprom_data  0000
__Hend_init                  end_init     0003
__Hfunctab                   functab      0000
__Hheap                      heap         0000
__HidataBANK0                idataBANK0   0000
__Hinit                      init         0000
__Hinittext                  inittext     0000
__Hintentry                  intentry     0000
__Hmaintext                  maintext     0000
__Hpowerup                   powerup      0000
__Hram                       ram          0000
__Hreset_vec                 reset_vec    0000
__Hsfr0                      sfr0         0000
__Hsfr1                      sfr1         0000
__Hsfr2                      sfr2         0000
__Hsfr3                      sfr3         0000
__Hsivt                      sivt         0000
__Hspace_0                   (abs)        0800
__Hspace_1                   (abs)        007E
__Hspace_2                   (abs)        0000
__Hspace_3                   (abs)        0000
__Hspace_4                   (abs)        400F
__Hstack                     stack        0000
__Hstrings                   strings      0000
__Htext                      text         0000
__L__absolute__              __absolute__ 0000
__Labs1                      abs1         0000
__Lbank0                     bank0        0000
__Lbank1                     bank1        0000
__Lbank2                     bank2        0000
__Lbank3                     bank3        0000
__Lcinit                     cinit        07EE
__Lclrtext                   clrtext      0000
__Lcode                      code         0000
__Lcommon                    common       0000
__Lconfig                    config       0000
__LcstackBANK0               cstackBANK0  0000
__LcstackCOMMON              cstackCOMMON 0000
__LdataBANK0                 dataBANK0    0000
__Leeprom_data               eeprom_data  0000
__Lend_init                  end_init     0000
__Lfunctab                   functab      0000
__Lheap                      heap         0000
__LidataBANK0                idataBANK0   0000
__Linit                      init         0000
__Linittext                  inittext     0000
__Lintentry                  intentry     0000
__Lmaintext                  maintext     0000
__Lpowerup                   powerup      0000
__Lram                       ram          0000
__Lreset_vec                 reset_vec    0000
__Lsfr0                      sfr0         0000
__Lsfr1                      sfr1         0000
__Lsfr2                      sfr2         0000
__Lsfr3                      sfr3         0000
__Lsivt                      sivt         0000
__Lspace_0                   (abs)        0000
__Lspace_1                   (abs)        0000
__Lspace_2                   (abs)        0000
__Lspace_3                   (abs)        0000
__Lspace_4                   (abs)        0000
__Lstack                     stack        0000
__Lstrings                   strings      0000
__Ltext                      text         0000
__S0                         (abs)        0800
__S1                         (abs)        007E
__S3                         (abs)        0000
___heap_hi                   (abs)        0000
___heap_lo                   (abs)        0000
___int_sp                    stack        0000
___int_stack_hi              stack        0000
___int_stack_lo              stack        0000
___latbits                   (abs)        0002
___lwdiv                     text4        05F4
___lwdiv@counter             cstackCOMMON 0076
___lwdiv@dividend            cstackCOMMON 0072
___lwdiv@divisor             cstackCOMMON 0070
___lwdiv@quotient            cstackCOMMON 0074
___lwmod                     text3        05BC
___lwmod@counter             cstackCOMMON 007B
___lwmod@dividend            cstackCOMMON 0079
___lwmod@divisor             cstackCOMMON 0077
___sp                        stack        0000
___stack_hi                  stack        0000
___stack_lo                  stack        0000
___stackhi                   (abs)        0000
___stacklo                   (abs)        0000
___wmul                      text8        050F
___wmul@multiplicand         cstackCOMMON 0072
___wmul@multiplier           cstackCOMMON 0070
___wmul@product              cstackCOMMON 0074
__end_of___lwdiv             text4        0636
__end_of___lwmod             text3        05F4
__end_of___wmul              text8        0534
__end_of__initialization     cinit        07FC
__end_of_display             text11       05BC
__end_of_eeprom_read         text7        050F
__end_of_eeprom_write        text2        0589
__end_of_init_config         text9        04CC
__end_of_init_ssd            text10       04D8
__end_of_load_count          text6        069E
__end_of_main                maintext     07EE
__end_of_read_digital_keypad text5        055E
__end_of_save_count          text1        0715
__initialization             cinit        07EE
__pcstackBANK0               cstackBANK0  002F
__pcstackCOMMON              cstackCOMMON 0070
__pdataBANK0                 dataBANK0    0020
__pidataBANK0                idataBANK0   04D8
__pmaintext                  maintext     0715
__ptext1                     text1        069E
__ptext10                    text10       04CC
__ptext11                    text11       0589
__ptext2                     text2        055E
__ptext3                     text3        05BC
__ptext4                     text4        05F4
__ptext5                     text5        0534
__ptext6                     text6        0636
__ptext7                     text7        04FA
__ptext8                     text8        050F
__ptext9                     text9        04C1
_digit                       dataBANK0    0020
_display                     text11       0589
_eeprom_read                 text7        04FA
_eeprom_write                text2        055E
_init_config                 text9        04C1
_init_ssd                    text10       04CC
_load_count                  text6        0636
_main                        maintext     0715
_read_digital_keypad         text5        0534
_save_count                  text1        069E
_ssd                         dataBANK0    002B
btemp                        (abs)        007E
btemp0                       (abs)        007E
btemp1                       (abs)        007F
display@data                 cstackCOMMON 0070
display@digit                cstackCOMMON 0074
display@wait                 cstackCOMMON 0072
eeprom_read@addr             cstackCOMMON 0070
eeprom_write@addr            cstackCOMMON 007D
eeprom_write@value           cstackCOMMON 007C
end_of_initialization        cinit        07FC
init_fetch0                  inittext     04E7
init_ram0                    inittext     04EB
intlevel0                    functab      0000
intlevel1                    functab      0000
intlevel2                    functab      0000
intlevel3                    functab      0000
intlevel4                    functab      0000
intlevel5                    functab      0000
load_count@count             cstackCOMMON 007A
ltemp0a                      (abs)        0080
main@count                   cstackBANK0  0034
main@key                     cstackBANK0  0033
main@program_cycles          cstackBANK0  0031
read_digital_keypad@mode     cstackCOMMON 0071
read_digital_keypad@once     dataBANK0    002A
reset_vec                    reset_vec    0000
save_count@count             cstackBANK0  002F
start                        init         0000
start_initialization         cinit        07EE
ttemp0a                      (abs)        007F
wtemp0                       (abs)        007E
wtemp0a                      (abs)        007F


MODULE INFORMATION

Module		Function		Class		Link	Load	Size
ssd.c
		_init_ssd      		CODE           	04CC	0000	12
		_display       		CODE           	0589	0000	51

ssd.c estimated size: 63

C:\Program Files\Microchip\xc8\v4.00\pic\sources\c99\common\lwdiv.c
		___lwdiv       		CODE           	05F4	0000	66

C:\Program Files\Microchip\xc8\v4.00\pic\sources\c99\common\lwdiv.c estimated size: 66

digital_keypad.c
		_read_digital_keypad		CODE           	0534	0000	42

digital_keypad.c estimated size: 42

C:\Program Files\Microchip\xc8\v4.00\pic\sources\c99\pic\__eewrite.c
		_eeprom_write  		CODE           	055E	0000	43

C:\Program Files\Microchip\xc8\v4.00\pic\sources\c99\pic\__eewrite.c estimated size: 43

shared
		__initialization		CODE           	07EE	0000	14

shared estimated size: 14

C:\Program Files\Microchip\xc8\v4.00\pic\sources\c99\common\lwmod.c
		___lwmod       		CODE           	05BC	0000	56

C:\Program Files\Microchip\xc8\v4.00\pic\sources\c99\common\lwmod.c estimated size: 56

C:\Program Files\Microchip\xc8\v4.00\pic\sources\c99\pic\__eeread.c
		_eeprom_read   		CODE           	04FA	0000	21

C:\Program Files\Microchip\xc8\v4.00\pic\sources\c99\pic\__eeread.c estimated size: 21

C:\Program Files\Microchip\xc8\v4.00\pic\sources\c99\common\Umul16.c
		___wmul        		CODE           	050F	0000	37

C:\Program Files\Microchip\xc8\v4.00\pic\sources\c99\common\Umul16.c estimated size: 37

main.c
		_load_count    		CODE           	0636	0000	104
		_main          		CODE           	0715	0000	217
		_init_config   		CODE           	04C1	0000	11
		_save_count    		CODE           	069E	0000	119

main.c estimated size: 451

