Microchip MPLAB XC8 Compiler V4.00

Linker command line:

-W-3 \
  --edf=C:\Program Files\Microchip\xc8\v4.00\pic\dat\20260614213421_en.msgs \
  -cn -h+dist/default/production\Assignment_08.X.X.production.sym \
  --cmf=dist/default/production\Assignment_08.X.X.production.cmf -z \
  -Q16F877A -oC:\Users\kirut\AppData\Local\Temp\xcAs688.0\driver_tmp_3.o \
  --defsym=__MPLAB_BUILD=1 --fixupoverflow=error \
  -Mdist/default/production/Assignment_08.X.X.production.map \
  --md=C:\Users\kirut\AppData\Local\Temp\xcAs688.0\driver_tmp_0.dat -E1 \
  -ver=XC8 Compiler -ACODE=00h-07FFhx4 -ASTRCODE=00h-01FFFh \
  -ASTRING=00h-0FFhx32 -ACONST=00h-0FFhx32 -AENTRY=00h-0FFhx32 \
  -ACOMMON=070h-07Fh -ABANK0=020h-06Fh -ABANK1=0A0h-0EFh \
  -ABANK2=0110h-016Fh -ABANK3=0190h-01EFh \
  -ARAM=020h-06Fh,0A0h-0EFh,0110h-016Fh,0190h-01EFh \
  -AABS1=020h-07Fh,0A0h-0EFh,0110h-016Fh,0190h-01EFh -ASFR0=00h-01Fh \
  -ASFR1=080h-09Fh -ASFR2=0100h-010Fh -ASFR3=0180h-018Fh \
  -ACONFIG=02007h-02007h -DCONFIG=2 -AIDLOC=02000h-02003h -DIDLOC=2 \
  -AEEDATA=00h-0FFh/02100h -peeprom_data=EEDATA -DEEDATA=2 -DCODE=2 \
  -DSTRCODE=2 -DSTRING=2 -DCONST=2 -DENTRY=2 \
  -preset_vec=00h,intentry,sivt,init,end_init -ppowerup=CODE -pcinit=CODE \
  -pfunctab=ENTRY -k \
  C:\Users\kirut\AppData\Local\Temp\xcAs688.0\driver_tmp_10.o \
  dist/default/production\Assignment_08.X.X.production.o 

Object code version is 3.11

Machine type is 16F877A



                Name                               Link     Load   Length Selector   Space Scale
C:\Users\kirut\AppData\Local\Temp\xcAs688.0\driver_tmp_10.o
                end_init                              0        0        3        0       0
                config                             2007     2007        1        0       4
dist/default/production\Assignment_08.X.X.production.o
                cinit                               7E8      7E8       18      FD0       0
                config                             2007     2007        1        0       4
                text6                               6DF      6DF       42      DBE       0
                text5                               6A7      6A7       38      D4E       0
                text4                               674      674       33      CE8       0
                text3                               61D      61D        C      C3A       0
                text2                               612      612        B      C24       0
                text1                               64A      64A       2A      C94       0
                maintext                            721      721       C7      E42       0
                cstackBANK0                          2E       2E        5       20       1
                cstackCOMMON                         70       70        C       70       1
                inittext                            637      637       13      C6E       0
                dataBANK0                            20       20        E       20       1
                dataCOMMON                           7C       7C        1       70       1
                idataBANK0                          629      629        E      C52       0
                idataCOMMON                         611      611        1      C22       0

TOTAL           Name                               Link     Load   Length     Space
        CLASS   CODE           
                end_init                              0        0        3         0
                cinit                               7E8      7E8       18         0
                text6                               6DF      6DF       42         0
                text5                               6A7      6A7       38         0
                text4                               674      674       33         0
                text3                               61D      61D        C         0
                text2                               612      612        B         0
                text1                               64A      64A       2A         0
                maintext                            721      721       C7         0
                inittext                            637      637       13         0
                idataBANK0                          629      629        E         0
                idataCOMMON                         611      611        1         0

        CLASS   STRCODE        

        CLASS   STRING         

        CLASS   CONST          

        CLASS   ENTRY          

        CLASS   COMMON         
                cstackCOMMON                         70       70        C         1
                dataCOMMON                           7C       7C        1         1

        CLASS   BANK0          
                cstackBANK0                          2E       2E        5         1
                dataBANK0                            20       20        E         1

        CLASS   BANK1          

        CLASS   BANK2          

        CLASS   BANK3          

        CLASS   RAM            

        CLASS   ABS1           
                abs_s1                               7E       7E        2         1

        CLASS   SFR0           

        CLASS   SFR1           

        CLASS   SFR2           

        CLASS   SFR3           

        CLASS   CONFIG         
                config                             2007     2007        1         4

        CLASS   IDLOC          

        CLASS   EEDATA         

        CLASS   HEAP           

        CLASS   STACK          



SEGMENTS        Name                           Load    Length   Top    Selector   Space  Class     Delta

                reset_vec                      000000  000003  000003         0       0  CODE        2
                dataBANK0                      000020  000013  000033        20       1  BANK0       1
                cstackCOMMON                   000070  00000D  00007D        70       1  COMMON      1
                idataCOMMON                    000611  000001  000612       C22       0  CODE        2
                text2                          000612  00000B  00061D       C24       0  CODE        2
                text3                          00061D  00000C  000629       C3A       0  CODE        2
                idataBANK0                     000629  00000E  000637       C52       0  CODE        2
                inittext                       000637  000013  00064A       C6E       0  CODE        2
                text1                          00064A  00002A  000674       C94       0  CODE        2
                text4                          000674  000033  0006A7       CE8       0  CODE        2
                text5                          0006A7  000038  0006DF       D4E       0  CODE        2
                text6                          0006DF  000042  000721       DBE       0  CODE        2
                maintext                       000721  0000C7  0007E8       E42       0  CODE        2
                cinit                          0007E8  000018  000800       FD0       0  CODE        2


UNUSED ADDRESS RANGES

        Name                Unused          Largest block    Delta
        BANK0            0033-006F             3D           1
        BANK1            00A0-00EF             50           1
        BANK2            0110-016F             60           1
        BANK3            0190-01EF             60           1
        CODE             0003-0610            60E           2
                         0800-1FFF            800
        COMMON           007D-007D              1           1
        CONST            0003-0610            100           2
                         0800-1FFF            100
        EEDATA           2100-21FF            100           2
        ENTRY            0003-0610            100           2
                         0800-1FFF            100
        IDLOC            2000-2003              4           2
        RAM              0033-006F             3D           1
                         00A0-00EF             50
                         0110-016F             60
                         0190-01EF             60
        SFR0             0000-001F             20           1
        SFR1             0080-009F             20           1
        SFR2             0100-010F             10           1
        SFR3             0180-018F             10           1
        STRCODE          0003-0610            60E           2
                         0800-1FFF           1800
        STRING           0003-0610            100           2
                         0800-1FFF            100

                                  Symbol Table

?___lwdiv                    cstackCOMMON 0070
?___lwmod                    cstackCOMMON 0077
_PORTA                       (abs)        0005
_PORTB                       (abs)        0006
_PORTD                       (abs)        0008
_TRISA                       (abs)        0085
_TRISB                       (abs)        0086
_TRISD                       (abs)        0088
__H__absolute__              __absolute__ 0000
__Habs1                      abs1         0000
__Hbank0                     bank0        0000
__Hbank1                     bank1        0000
__Hbank2                     bank2        0000
__Hbank3                     bank3        0000
__Hcinit                     cinit        0800
__Hclrtext                   clrtext      0000
__Hcode                      code         0000
__Hcommon                    common       0000
__Hconfig                    config       2008
__HcstackBANK0               cstackBANK0  0000
__HcstackCOMMON              cstackCOMMON 0000
__HdataBANK0                 dataBANK0    0000
__HdataCOMMON                dataCOMMON   0000
__Heeprom_data               eeprom_data  0000
__Hend_init                  end_init     0003
__Hfunctab                   functab      0000
__Hheap                      heap         0000
__HidataBANK0                idataBANK0   0000
__HidataCOMMON               idataCOMMON  0000
__Hinit                      init         0000
__Hinittext                  inittext     0000
__Hintentry                  intentry     0000
__Hmaintext                  maintext     0000
__Hpowerup                   powerup      0000
__Hram                       ram          0000
__Hreset_vec                 reset_vec    0000
__Hsfr0                      sfr0         0000
__Hsfr1                      sfr1         0000
__Hsfr2                      sfr2         0000
__Hsfr3                      sfr3         0000
__Hsivt                      sivt         0000
__Hspace_0                   (abs)        0800
__Hspace_1                   (abs)        007D
__Hspace_2                   (abs)        0000
__Hspace_3                   (abs)        0000
__Hspace_4                   (abs)        400F
__Hstack                     stack        0000
__Hstrings                   strings      0000
__Htext                      text         0000
__L__absolute__              __absolute__ 0000
__Labs1                      abs1         0000
__Lbank0                     bank0        0000
__Lbank1                     bank1        0000
__Lbank2                     bank2        0000
__Lbank3                     bank3        0000
__Lcinit                     cinit        07E8
__Lclrtext                   clrtext      0000
__Lcode                      code         0000
__Lcommon                    common       0000
__Lconfig                    config       0000
__LcstackBANK0               cstackBANK0  0000
__LcstackCOMMON              cstackCOMMON 0000
__LdataBANK0                 dataBANK0    0000
__LdataCOMMON                dataCOMMON   0000
__Leeprom_data               eeprom_data  0000
__Lend_init                  end_init     0000
__Lfunctab                   functab      0000
__Lheap                      heap         0000
__LidataBANK0                idataBANK0   0000
__LidataCOMMON               idataCOMMON  0000
__Linit                      init         0000
__Linittext                  inittext     0000
__Lintentry                  intentry     0000
__Lmaintext                  maintext     0000
__Lpowerup                   powerup      0000
__Lram                       ram          0000
__Lreset_vec                 reset_vec    0000
__Lsfr0                      sfr0         0000
__Lsfr1                      sfr1         0000
__Lsfr2                      sfr2         0000
__Lsfr3                      sfr3         0000
__Lsivt                      sivt         0000
__Lspace_0                   (abs)        0000
__Lspace_1                   (abs)        0000
__Lspace_2                   (abs)        0000
__Lspace_3                   (abs)        0000
__Lspace_4                   (abs)        0000
__Lstack                     stack        0000
__Lstrings                   strings      0000
__Ltext                      text         0000
__S0                         (abs)        0800
__S1                         (abs)        007D
__S3                         (abs)        0000
___heap_hi                   (abs)        0000
___heap_lo                   (abs)        0000
___int_sp                    stack        0000
___int_stack_hi              stack        0000
___int_stack_lo              stack        0000
___latbits                   (abs)        0002
___lwdiv                     text6        06DF
___lwdiv@counter             cstackCOMMON 0076
___lwdiv@dividend            cstackCOMMON 0072
___lwdiv@divisor             cstackCOMMON 0070
___lwdiv@quotient            cstackCOMMON 0074
___lwmod                     text5        06A7
___lwmod@counter             cstackCOMMON 007B
___lwmod@dividend            cstackCOMMON 0079
___lwmod@divisor             cstackCOMMON 0077
___sp                        stack        0000
___stack_hi                  stack        0000
___stack_lo                  stack        0000
___stackhi                   (abs)        0000
___stacklo                   (abs)        0000
__end_of___lwdiv             text6        0721
__end_of___lwmod             text5        06DF
__end_of__initialization     cinit        07FC
__end_of_display             text4        06A7
__end_of_init_config         text2        061D
__end_of_init_ssd            text3        0629
__end_of_main                maintext     07E8
__end_of_read_digital_keypad text1        0674
__initialization             cinit        07E8
__pcstackBANK0               cstackBANK0  002E
__pcstackCOMMON              cstackCOMMON 0070
__pdataBANK0                 dataBANK0    0020
__pdataCOMMON                dataCOMMON   007C
__pidataBANK0                idataBANK0   0629
__pidataCOMMON               idataCOMMON  0611
__pmaintext                  maintext     0721
__ptext1                     text1        064A
__ptext2                     text2        0612
__ptext3                     text3        061D
__ptext4                     text4        0674
__ptext5                     text5        06A7
__ptext6                     text6        06DF
_digit                       dataBANK0    0020
_display                     text4        0674
_init_config                 text2        0612
_init_ssd                    text3        061D
_main                        maintext     0721
_read_digital_keypad         text1        064A
_ssd                         dataBANK0    002A
btemp                        (abs)        007E
btemp0                       (abs)        007E
btemp1                       (abs)        007F
display@data                 cstackCOMMON 0070
display@digit                cstackCOMMON 0074
display@wait                 cstackCOMMON 0072
end_of_initialization        cinit        07FC
init_fetch0                  inittext     0637
init_ram0                    inittext     063B
intlevel0                    functab      0000
intlevel1                    functab      0000
intlevel2                    functab      0000
intlevel3                    functab      0000
intlevel4                    functab      0000
intlevel5                    functab      0000
ltemp0a                      (abs)        0080
main@count                   cstackBANK0  0031
main@delay                   cstackBANK0  002F
main@key                     cstackBANK0  002E
read_digital_keypad@mode     cstackCOMMON 0071
read_digital_keypad@once     dataCOMMON   007C
reset_vec                    reset_vec    0000
start                        init         0000
start_initialization         cinit        07E8
ttemp0a                      (abs)        007F
wtemp0                       (abs)        007E
wtemp0a                      (abs)        007F


MODULE INFORMATION

Module		Function		Class		Link	Load	Size
ssd.c
		_init_ssd      		CODE           	061D	0000	12
		_display       		CODE           	0674	0000	51

ssd.c estimated size: 63

C:\Program Files\Microchip\xc8\v4.00\pic\sources\c99\common\lwdiv.c
		___lwdiv       		CODE           	06DF	0000	66

C:\Program Files\Microchip\xc8\v4.00\pic\sources\c99\common\lwdiv.c estimated size: 66

digital_keypad.c
		_read_digital_keypad		CODE           	064A	0000	42

digital_keypad.c estimated size: 42

shared
		__initialization		CODE           	07E8	0000	20

shared estimated size: 20

C:\Program Files\Microchip\xc8\v4.00\pic\sources\c99\common\lwmod.c
		___lwmod       		CODE           	06A7	0000	56

C:\Program Files\Microchip\xc8\v4.00\pic\sources\c99\common\lwmod.c estimated size: 56

main.c
		_main          		CODE           	0721	0000	199
		_init_config   		CODE           	0612	0000	11

main.c estimated size: 210

